Archive member included because of file (symbol)

c:/program files/atmel/atmel toolchain/avr32 gcc/native/3.4.1057/avr32-gnu-toolchain/bin/../lib/gcc/avr32/4.4.7/../../../../avr32/lib/ucr3fp\libc.a(lib_a-memcpy.o)
                              src/ASF/avr32/drivers/flashc/flashc.o (memcpy)
c:/program files/atmel/atmel toolchain/avr32 gcc/native/3.4.1057/avr32-gnu-toolchain/bin/../lib/gcc/avr32/4.4.7/../../../../avr32/lib/ucr3fp\libc.a(lib_a-memset.o)
                              src/ASF/avr32/drivers/usbc/usbc_device.o (memset)

Allocating common symbols
Common symbol       size              file

TC_Buff             0x2               src/main.o
udd_ep_out_cache_buffer
                    0xc0              src/ASF/avr32/drivers/usbc/usbc_device.o
udd_g_ctrlreq       0x18              src/ASF/avr32/drivers/usbc/usbc_device.o
TM_Buff             0xd4c             src/main.o
sleepmgr_locks      0x7               src/ASF/common/services/sleepmgr/uc3/sleepmgr.o
udd_ctrl_buffer     0x40              src/ASF/avr32/drivers/usbc/usbc_device.o
adc_values          0x1a90            src/main.o

Discarded input sections

 .text          0x00000000        0x0 src/ASF/avr32/drivers/adcifa/adcifa.o
 .data          0x00000000        0x0 src/ASF/avr32/drivers/adcifa/adcifa.o
 .bss           0x00000000        0x0 src/ASF/avr32/drivers/adcifa/adcifa.o
 .text.adcifa_configure_window_monitor
                0x00000000       0x76 src/ASF/avr32/drivers/adcifa/adcifa.o
 .text.adcifa_start_sequencer
                0x00000000       0x34 src/ASF/avr32/drivers/adcifa/adcifa.o
 .text.adcifa_calibrate_offset
                0x00000000       0xa8 src/ASF/avr32/drivers/adcifa/adcifa.o
 .text.adcifa_check_eoc
                0x00000000       0x26 src/ASF/avr32/drivers/adcifa/adcifa.o
 .text.adcifa_check_eos
                0x00000000       0x26 src/ASF/avr32/drivers/adcifa/adcifa.o
 .text.adcifa_get_values_from_sequencer
                0x00000000       0x88 src/ASF/avr32/drivers/adcifa/adcifa.o
 .text.adcifa_start_itimer
                0x00000000        0xa src/ASF/avr32/drivers/adcifa/adcifa.o
 .text.adcifa_stop_itimer
                0x00000000        0x6 src/ASF/avr32/drivers/adcifa/adcifa.o
 .text.adcifa_enable_interrupt
                0x00000000        0x6 src/ASF/avr32/drivers/adcifa/adcifa.o
 .text.adcifa_disable_interrupt
                0x00000000        0x6 src/ASF/avr32/drivers/adcifa/adcifa.o
 .text.adcifa_clear_interrupt
                0x00000000        0x4 src/ASF/avr32/drivers/adcifa/adcifa.o
 .text          0x00000000        0x0 src/ASF/avr32/drivers/flashc/flashc.o
 .data          0x00000000        0x0 src/ASF/avr32/drivers/flashc/flashc.o
 .bss           0x00000000        0x0 src/ASF/avr32/drivers/flashc/flashc.o
 .text.flashc_get_flash_size
                0x00000000       0x34 src/ASF/avr32/drivers/flashc/flashc.o
 .text.flashc_get_page_count
                0x00000000       0x10 src/ASF/avr32/drivers/flashc/flashc.o
 .text.flashc_get_page_count_per_region
                0x00000000       0x10 src/ASF/avr32/drivers/flashc/flashc.o
 .text.flashc_get_region_first_page_number
                0x00000000       0x14 src/ASF/avr32/drivers/flashc/flashc.o
 .text.flashc_get_wait_state
                0x00000000        0xc src/ASF/avr32/drivers/flashc/flashc.o
 .text.flashc_is_ready_int_enabled
                0x00000000        0xc src/ASF/avr32/drivers/flashc/flashc.o
 .text.flashc_enable_ready_int
                0x00000000        0xe src/ASF/avr32/drivers/flashc/flashc.o
 .text.flashc_is_lock_error_int_enabled
                0x00000000        0xc src/ASF/avr32/drivers/flashc/flashc.o
 .text.flashc_enable_lock_error_int
                0x00000000        0xe src/ASF/avr32/drivers/flashc/flashc.o
 .text.flashc_is_prog_error_int_enabled
                0x00000000        0xc src/ASF/avr32/drivers/flashc/flashc.o
 .text.flashc_enable_prog_error_int
                0x00000000        0xe src/ASF/avr32/drivers/flashc/flashc.o
 .text.flashc_is_ready
                0x00000000        0xc src/ASF/avr32/drivers/flashc/flashc.o
 .text.flashc_default_wait_until_ready
                0x00000000       0x10 src/ASF/avr32/drivers/flashc/flashc.o
 .text.flashc_is_lock_error
                0x00000000       0x10 src/ASF/avr32/drivers/flashc/flashc.o
 .text.flashc_is_programming_error
                0x00000000       0x10 src/ASF/avr32/drivers/flashc/flashc.o
 .text.flashc_get_command
                0x00000000        0xc src/ASF/avr32/drivers/flashc/flashc.o
 .text.flashc_get_page_number
                0x00000000        0xc src/ASF/avr32/drivers/flashc/flashc.o
 .text.flashc_get_page_region
                0x00000000       0x28 src/ASF/avr32/drivers/flashc/flashc.o
 .text.flashc_issue_command
                0x00000000       0x48 src/ASF/avr32/drivers/flashc/flashc.o
 .text.flashc_no_operation
                0x00000000       0x10 src/ASF/avr32/drivers/flashc/flashc.o
 .text.flashc_erase_all
                0x00000000       0x10 src/ASF/avr32/drivers/flashc/flashc.o
 .text.flashc_is_security_bit_active
                0x00000000        0xc src/ASF/avr32/drivers/flashc/flashc.o
 .text.flashc_activate_security_bit
                0x00000000       0x10 src/ASF/avr32/drivers/flashc/flashc.o
 .text.flashc_is_region_locked
                0x00000000       0x1a src/ASF/avr32/drivers/flashc/flashc.o
 .text.flashc_is_page_region_locked
                0x00000000       0x14 src/ASF/avr32/drivers/flashc/flashc.o
 .text.flashc_lock_page_region
                0x00000000       0x1c src/ASF/avr32/drivers/flashc/flashc.o
 .text.flashc_lock_region
                0x00000000       0x1c src/ASF/avr32/drivers/flashc/flashc.o
 .text.flashc_lock_all_regions
                0x00000000       0x30 src/ASF/avr32/drivers/flashc/flashc.o
 .text.flashc_read_all_gp_fuses
                0x00000000       0x26 src/ASF/avr32/drivers/flashc/flashc.o
 .text.flashc_read_gp_fuse_byte
                0x00000000       0x44 src/ASF/avr32/drivers/flashc/flashc.o
 .text.flashc_read_gp_fuse_bitfield
                0x00000000       0x74 src/ASF/avr32/drivers/flashc/flashc.o
 .text.flashc_get_bootloader_protected_size
                0x00000000       0x20 src/ASF/avr32/drivers/flashc/flashc.o
 .text.flashc_read_gp_fuse_bit
                0x00000000       0x3c src/ASF/avr32/drivers/flashc/flashc.o
 .text.flashc_is_external_privileged_fetch_locked
                0x00000000       0x14 src/ASF/avr32/drivers/flashc/flashc.o
 .text.flashc_erase_gp_fuse_bit
                0x00000000       0x2c src/ASF/avr32/drivers/flashc/flashc.o
 .text.flashc_erase_gp_fuse_bitfield
                0x00000000       0x8c src/ASF/avr32/drivers/flashc/flashc.o
 .text.flashc_erase_all_gp_fuses
                0x00000000       0x30 src/ASF/avr32/drivers/flashc/flashc.o
 .text.flashc_write_gp_fuse_bit
                0x00000000       0x18 src/ASF/avr32/drivers/flashc/flashc.o
 .text.flashc_write_gp_fuse_bitfield
                0x00000000       0x4c src/ASF/avr32/drivers/flashc/flashc.o
 .text.flashc_write_gp_fuse_byte
                0x00000000       0x18 src/ASF/avr32/drivers/flashc/flashc.o
 .text.flashc_erase_gp_fuse_byte
                0x00000000       0x74 src/ASF/avr32/drivers/flashc/flashc.o
 .text.flashc_write_all_gp_fuses
                0x00000000       0x3c src/ASF/avr32/drivers/flashc/flashc.o
 .text.flashc_set_gp_fuse_bit
                0x00000000       0x20 src/ASF/avr32/drivers/flashc/flashc.o
 .text.flashc_lock_external_privileged_fetch
                0x00000000       0x18 src/ASF/avr32/drivers/flashc/flashc.o
 .text.flashc_set_gp_fuse_bitfield
                0x00000000       0x4c src/ASF/avr32/drivers/flashc/flashc.o
 .text.flashc_set_gp_fuse_byte
                0x00000000       0x4c src/ASF/avr32/drivers/flashc/flashc.o
 .text.flashc_set_all_gp_fuses
                0x00000000       0x54 src/ASF/avr32/drivers/flashc/flashc.o
 .text.flashc_clear_page_buffer
                0x00000000       0x10 src/ASF/avr32/drivers/flashc/flashc.o
 .text.flashc_is_page_erased
                0x00000000        0xc src/ASF/avr32/drivers/flashc/flashc.o
 .text.flashc_quick_page_read
                0x00000000       0x18 src/ASF/avr32/drivers/flashc/flashc.o
 .text.flashc_erase_page
                0x00000000       0x38 src/ASF/avr32/drivers/flashc/flashc.o
 .text.flashc_erase_all_pages
                0x00000000       0x48 src/ASF/avr32/drivers/flashc/flashc.o
 .text.flashc_write_page
                0x00000000       0x10 src/ASF/avr32/drivers/flashc/flashc.o
 .text.flashc_quick_user_page_read
                0x00000000       0x18 src/ASF/avr32/drivers/flashc/flashc.o
 .text.flashc_erase_user_page
                0x00000000       0x28 src/ASF/avr32/drivers/flashc/flashc.o
 .text.flashc_write_user_page
                0x00000000       0x10 src/ASF/avr32/drivers/flashc/flashc.o
 .text.flashc_memset64
                0x00000000      0x238 src/ASF/avr32/drivers/flashc/flashc.o
 .text.flashc_memset32
                0x00000000       0x20 src/ASF/avr32/drivers/flashc/flashc.o
 .text.flashc_memset16
                0x00000000       0x10 src/ASF/avr32/drivers/flashc/flashc.o
 .text.flashc_memset8
                0x00000000       0x14 src/ASF/avr32/drivers/flashc/flashc.o
 .text.flashc_memcpy
                0x00000000      0x100 src/ASF/avr32/drivers/flashc/flashc.o
 .text.flashc_set_flash_waitstate_and_readmode
                0x00000000       0x5c src/ASF/avr32/drivers/flashc/flashc.o
 .text.flashc_set_bootloader_protected_size
                0x00000000       0x54 src/ASF/avr32/drivers/flashc/flashc.o
 .rodata.C.34.14235
                0x00000000       0x1e src/ASF/avr32/drivers/flashc/flashc.o
 .data.flashc_wait_until_ready
                0x00000000        0x4 src/ASF/avr32/drivers/flashc/flashc.o
 .bss.flashc_error_status
                0x00000000        0x4 src/ASF/avr32/drivers/flashc/flashc.o
 .text          0x00000000        0x0 src/ASF/avr32/drivers/gpio/gpio.o
 .data          0x00000000        0x0 src/ASF/avr32/drivers/gpio/gpio.o
 .bss           0x00000000        0x0 src/ASF/avr32/drivers/gpio/gpio.o
 .text.gpio_enable_module
                0x00000000       0x30 src/ASF/avr32/drivers/gpio/gpio.o
 .text.gpio_enable_gpio_pin
                0x00000000       0x18 src/ASF/avr32/drivers/gpio/gpio.o
 .text.gpio_enable_gpio
                0x00000000       0x28 src/ASF/avr32/drivers/gpio/gpio.o
 .text.gpio_enable_pin_pull_up
                0x00000000       0x1a src/ASF/avr32/drivers/gpio/gpio.o
 .text.gpio_disable_pin_pull_up
                0x00000000       0x16 src/ASF/avr32/drivers/gpio/gpio.o
 .text.gpio_enable_pin_pull_down
                0x00000000       0x1a src/ASF/avr32/drivers/gpio/gpio.o
 .text.gpio_disable_pin_pull_down
                0x00000000       0x16 src/ASF/avr32/drivers/gpio/gpio.o
 .text.gpio_enable_pin_buskeeper
                0x00000000       0x1a src/ASF/avr32/drivers/gpio/gpio.o
 .text.gpio_disable_pin_buskeeper
                0x00000000       0x1a src/ASF/avr32/drivers/gpio/gpio.o
 .text.gpio_configure_pin
                0x00000000      0x130 src/ASF/avr32/drivers/gpio/gpio.o
 .text.gpio_configure_group
                0x00000000       0xae src/ASF/avr32/drivers/gpio/gpio.o
 .text.gpio_get_pin_value
                0x00000000       0x16 src/ASF/avr32/drivers/gpio/gpio.o
 .text.gpio_get_gpio_pin_output_value
                0x00000000       0x16 src/ASF/avr32/drivers/gpio/gpio.o
 .text.gpio_get_gpio_open_drain_pin_output_value
                0x00000000       0x1a src/ASF/avr32/drivers/gpio/gpio.o
 .text.gpio_set_gpio_pin
                0x00000000       0x1c src/ASF/avr32/drivers/gpio/gpio.o
 .text.gpio_set_pin_high
                0x00000000       0x16 src/ASF/avr32/drivers/gpio/gpio.o
 .text.gpio_set_group_high
                0x00000000        0xc src/ASF/avr32/drivers/gpio/gpio.o
 .text.gpio_set_pin_low
                0x00000000       0x16 src/ASF/avr32/drivers/gpio/gpio.o
 .text.gpio_clr_gpio_pin
                0x00000000       0x1c src/ASF/avr32/drivers/gpio/gpio.o
 .text.gpio_set_group_low
                0x00000000        0xc src/ASF/avr32/drivers/gpio/gpio.o
 .text.gpio_toggle_pin
                0x00000000       0x16 src/ASF/avr32/drivers/gpio/gpio.o
 .text.gpio_toggle_group
                0x00000000        0xc src/ASF/avr32/drivers/gpio/gpio.o
 .text.gpio_set_gpio_open_drain_pin
                0x00000000       0x18 src/ASF/avr32/drivers/gpio/gpio.o
 .text.gpio_clr_gpio_open_drain_pin
                0x00000000       0x1c src/ASF/avr32/drivers/gpio/gpio.o
 .text.gpio_tgl_gpio_open_drain_pin
                0x00000000       0x1c src/ASF/avr32/drivers/gpio/gpio.o
 .text.gpio_enable_pin_glitch_filter
                0x00000000       0x16 src/ASF/avr32/drivers/gpio/gpio.o
 .text.gpio_disable_pin_glitch_filter
                0x00000000       0x16 src/ASF/avr32/drivers/gpio/gpio.o
 .text.gpio_enable_pin_interrupt
                0x00000000       0x46 src/ASF/avr32/drivers/gpio/gpio.o
 .text.gpio_disable_pin_interrupt
                0x00000000       0x16 src/ASF/avr32/drivers/gpio/gpio.o
 .text.gpio_get_pin_interrupt_flag
                0x00000000       0x18 src/ASF/avr32/drivers/gpio/gpio.o
 .text.gpio_clear_pin_interrupt_flag
                0x00000000       0x16 src/ASF/avr32/drivers/gpio/gpio.o
 .text          0x00000000        0x0 src/ASF/avr32/drivers/pdca/pdca.o
 .data          0x00000000        0x0 src/ASF/avr32/drivers/pdca/pdca.o
 .bss           0x00000000        0x0 src/ASF/avr32/drivers/pdca/pdca.o
 .text.pdca_get_channel_status
                0x00000000       0x14 src/ASF/avr32/drivers/pdca/pdca.o
 .text.pdca_disable
                0x00000000       0x10 src/ASF/avr32/drivers/pdca/pdca.o
 .text.pdca_get_load_size
                0x00000000       0x10 src/ASF/avr32/drivers/pdca/pdca.o
 .text.pdca_get_reload_size
                0x00000000       0x10 src/ASF/avr32/drivers/pdca/pdca.o
 .text.pdca_set_peripheral_select
                0x00000000       0x14 src/ASF/avr32/drivers/pdca/pdca.o
 .text.pdca_set_transfer_size
                0x00000000       0x1c src/ASF/avr32/drivers/pdca/pdca.o
 .text.pdca_disable_event_trigger
                0x00000000       0x14 src/ASF/avr32/drivers/pdca/pdca.o
 .text.pdca_enable_event_trigger
                0x00000000       0x14 src/ASF/avr32/drivers/pdca/pdca.o
 .text.pdca_enable_interrupt_transfer_error
                0x00000000       0x10 src/ASF/avr32/drivers/pdca/pdca.o
 .text.pdca_enable_interrupt_reload_counter_zero
                0x00000000       0x10 src/ASF/avr32/drivers/pdca/pdca.o
 .text.pdca_get_transfer_status
                0x00000000       0x10 src/ASF/avr32/drivers/pdca/pdca.o
 .text.pdca_disable_interrupt_transfer_error
                0x00000000       0x20 src/ASF/avr32/drivers/pdca/pdca.o
 .text.pdca_load_channel
                0x00000000       0x30 src/ASF/avr32/drivers/pdca/pdca.o
 .text          0x00000000        0x0 src/ASF/avr32/drivers/pevc/pevc.o
 .data          0x00000000        0x0 src/ASF/avr32/drivers/pevc/pevc.o
 .bss           0x00000000        0x0 src/ASF/avr32/drivers/pevc/pevc.o
 .text.pevc_igfd_set
                0x00000000        0x8 src/ASF/avr32/drivers/pevc/pevc.o
 .text.pevc_channels_disable
                0x00000000       0x16 src/ASF/avr32/drivers/pevc/pevc.o
 .text.pevc_get_channel_status
                0x00000000       0x34 src/ASF/avr32/drivers/pevc/pevc.o
 .text.pevc_get_channel_state
                0x00000000       0x34 src/ASF/avr32/drivers/pevc/pevc.o
 .text.pevc_channel_sev_enable
                0x00000000       0x14 src/ASF/avr32/drivers/pevc/pevc.o
 .text.pevc_channels_trigger_sev
                0x00000000       0x16 src/ASF/avr32/drivers/pevc/pevc.o
 .text.pevc_channel_sev_disable
                0x00000000       0x14 src/ASF/avr32/drivers/pevc/pevc.o
 .text.pevc_channels_enable_trigger_interrupt
                0x00000000       0x16 src/ASF/avr32/drivers/pevc/pevc.o
 .text.pevc_channels_disable_trigger_interrupt
                0x00000000       0x16 src/ASF/avr32/drivers/pevc/pevc.o
 .text.pevc_channel_is_trigger_interrupt_enabled
                0x00000000       0x38 src/ASF/avr32/drivers/pevc/pevc.o
 .text.pevc_channel_is_trigger_interrupt_raised
                0x00000000       0x34 src/ASF/avr32/drivers/pevc/pevc.o
 .text.pevc_channel_clear_trigger_interrupt
                0x00000000       0x22 src/ASF/avr32/drivers/pevc/pevc.o
 .text.pevc_channels_enable_overrun_interrupt
                0x00000000       0x16 src/ASF/avr32/drivers/pevc/pevc.o
 .text.pevc_channels_disable_overrun_interrupt
                0x00000000       0x16 src/ASF/avr32/drivers/pevc/pevc.o
 .text.pevc_channel_is_overrun_interrupt_enabled
                0x00000000       0x38 src/ASF/avr32/drivers/pevc/pevc.o
 .text.pevc_channel_is_overrun_interrupt_raised
                0x00000000       0x38 src/ASF/avr32/drivers/pevc/pevc.o
 .text.pevc_channel_clear_overrun_interrupt
                0x00000000       0x22 src/ASF/avr32/drivers/pevc/pevc.o
 .text          0x00000000        0x0 src/ASF/avr32/drivers/pm/pm_uc3c.o
 .data          0x00000000        0x0 src/ASF/avr32/drivers/pm/pm_uc3c.o
 .bss           0x00000000        0x0 src/ASF/avr32/drivers/pm/pm_uc3c.o
 .debug_abbrev  0x00000000      0x1f0 src/ASF/avr32/drivers/pm/pm_uc3c.o
 .debug_info    0x00000000     0x1028 src/ASF/avr32/drivers/pm/pm_uc3c.o
 .debug_line    0x00000000      0x7d1 src/ASF/avr32/drivers/pm/pm_uc3c.o
 .debug_macinfo
                0x00000000   0x137752 src/ASF/avr32/drivers/pm/pm_uc3c.o
 .text.pm_wait_for_clk_ready
                0x00000000       0x1c src/ASF/avr32/drivers/pm/pm_uc3c.o
 .text.pm_disable_module
                0x00000000       0x3c src/ASF/avr32/drivers/pm/pm_uc3c.o
 .text.pm_enable_module
                0x00000000       0x3c src/ASF/avr32/drivers/pm/pm_uc3c.o
 .text.pm_disable_clk_domain_div
                0x00000000       0x44 src/ASF/avr32/drivers/pm/pm_uc3c.o
 .text.pm_set_clk_domain_div
                0x00000000       0x4c src/ASF/avr32/drivers/pm/pm_uc3c.o
 .text.pm_config_mainclk_safety
                0x00000000       0x40 src/ASF/avr32/drivers/pm/pm_uc3c.o
 .text.pm_set_mclk_source
                0x00000000       0x20 src/ASF/avr32/drivers/pm/pm_uc3c.o
 .debug_frame   0x00000000       0x90 src/ASF/avr32/drivers/pm/pm_uc3c.o
 .debug_loc     0x00000000      0x17f src/ASF/avr32/drivers/pm/pm_uc3c.o
 .debug_pubnames
                0x00000000       0xc3 src/ASF/avr32/drivers/pm/pm_uc3c.o
 .debug_aranges
                0x00000000       0x50 src/ASF/avr32/drivers/pm/pm_uc3c.o
 .debug_ranges  0x00000000       0x60 src/ASF/avr32/drivers/pm/pm_uc3c.o
 .debug_str     0x00000000      0x7a8 src/ASF/avr32/drivers/pm/pm_uc3c.o
 .comment       0x00000000       0x31 src/ASF/avr32/drivers/pm/pm_uc3c.o
 .text          0x00000000        0x0 src/ASF/avr32/drivers/pm/power_clocks_lib.o
 .data          0x00000000        0x0 src/ASF/avr32/drivers/pm/power_clocks_lib.o
 .bss           0x00000000        0x0 src/ASF/avr32/drivers/pm/power_clocks_lib.o
 .debug_abbrev  0x00000000      0x191 src/ASF/avr32/drivers/pm/power_clocks_lib.o
 .debug_info    0x00000000      0x58f src/ASF/avr32/drivers/pm/power_clocks_lib.o
 .debug_line    0x00000000      0x847 src/ASF/avr32/drivers/pm/power_clocks_lib.o
 .debug_macinfo
                0x00000000   0x137b0b src/ASF/avr32/drivers/pm/power_clocks_lib.o
 .text.pcl_read_gplp
                0x00000000        0xc src/ASF/avr32/drivers/pm/power_clocks_lib.o
 .text.pcl_write_gplp
                0x00000000        0xc src/ASF/avr32/drivers/pm/power_clocks_lib.o
 .text.pcl_configure_usb_clock
                0x00000000       0x5c src/ASF/avr32/drivers/pm/power_clocks_lib.o
 .text.pcl_switch_to_osc
                0x00000000       0x44 src/ASF/avr32/drivers/pm/power_clocks_lib.o
 .text.pcl_configure_clocks
                0x00000000      0x1e4 src/ASF/avr32/drivers/pm/power_clocks_lib.o
 .rodata.C.38.14660
                0x00000000       0x14 src/ASF/avr32/drivers/pm/power_clocks_lib.o
 .debug_frame   0x00000000       0xa4 src/ASF/avr32/drivers/pm/power_clocks_lib.o
 .debug_loc     0x00000000      0x31f src/ASF/avr32/drivers/pm/power_clocks_lib.o
 .debug_pubnames
                0x00000000       0x82 src/ASF/avr32/drivers/pm/power_clocks_lib.o
 .debug_aranges
                0x00000000       0x40 src/ASF/avr32/drivers/pm/power_clocks_lib.o
 .debug_ranges  0x00000000       0x38 src/ASF/avr32/drivers/pm/power_clocks_lib.o
 .debug_str     0x00000000      0x644 src/ASF/avr32/drivers/pm/power_clocks_lib.o
 .comment       0x00000000       0x31 src/ASF/avr32/drivers/pm/power_clocks_lib.o
 .text          0x00000000        0x0 src/ASF/avr32/drivers/scif/scif_uc3c.o
 .data          0x00000000        0x0 src/ASF/avr32/drivers/scif/scif_uc3c.o
 .bss           0x00000000        0x0 src/ASF/avr32/drivers/scif/scif_uc3c.o
 .text.scif_pclksr_statushigh_wait
                0x00000000       0x1a src/ASF/avr32/drivers/scif/scif_uc3c.o
 .text.scif_read_gplp
                0x00000000        0xc src/ASF/avr32/drivers/scif/scif_uc3c.o
 .text.scif_write_gplp
                0x00000000       0x16 src/ASF/avr32/drivers/scif/scif_uc3c.o
 .text.scif_is_osc_ready
                0x00000000       0x1c src/ASF/avr32/drivers/scif/scif_uc3c.o
 .text.scif_wait_for_pll_locked
                0x00000000       0x20 src/ASF/avr32/drivers/scif/scif_uc3c.o
 .text.scif_stop_gclk
                0x00000000       0x30 src/ASF/avr32/drivers/scif/scif_uc3c.o
 .text.scif_gc_setup
                0x00000000       0x84 src/ASF/avr32/drivers/scif/scif_uc3c.o
 .text.scif_gc_enable
                0x00000000       0x24 src/ASF/avr32/drivers/scif/scif_uc3c.o
 .text.scif_bod18_enable_irq
                0x00000000        0xa src/ASF/avr32/drivers/scif/scif_uc3c.o
 .text.scif_bod18_clear_irq
                0x00000000        0xa src/ASF/avr32/drivers/scif/scif_uc3c.o
 .text.scif_bod18_get_irq_status
                0x00000000        0xc src/ASF/avr32/drivers/scif/scif_uc3c.o
 .text.scif_bod18_get_irq_enable_bit
                0x00000000        0xc src/ASF/avr32/drivers/scif/scif_uc3c.o
 .text.scif_bod18_get_level
                0x00000000        0xc src/ASF/avr32/drivers/scif/scif_uc3c.o
 .text.scif_bod33_enable_irq
                0x00000000        0xc src/ASF/avr32/drivers/scif/scif_uc3c.o
 .text.scif_bod33_clear_irq
                0x00000000        0xc src/ASF/avr32/drivers/scif/scif_uc3c.o
 .text.scif_bod33_get_irq_status
                0x00000000        0xc src/ASF/avr32/drivers/scif/scif_uc3c.o
 .text.scif_bod33_get_irq_enable_bit
                0x00000000        0xc src/ASF/avr32/drivers/scif/scif_uc3c.o
 .text.scif_bod33_get_level
                0x00000000        0xc src/ASF/avr32/drivers/scif/scif_uc3c.o
 .text.scif_bod50_enable_irq
                0x00000000        0xc src/ASF/avr32/drivers/scif/scif_uc3c.o
 .text.scif_bod50_clear_irq
                0x00000000        0xc src/ASF/avr32/drivers/scif/scif_uc3c.o
 .text.scif_bod50_get_irq_status
                0x00000000        0xc src/ASF/avr32/drivers/scif/scif_uc3c.o
 .text.scif_bod50_get_irq_enable_bit
                0x00000000        0xc src/ASF/avr32/drivers/scif/scif_uc3c.o
 .text.scif_bod50_get_level
                0x00000000        0xc src/ASF/avr32/drivers/scif/scif_uc3c.o
 .text.scif_bod50_disable_irq
                0x00000000       0x2a src/ASF/avr32/drivers/scif/scif_uc3c.o
 .text.scif_bod33_disable_irq
                0x00000000       0x2a src/ASF/avr32/drivers/scif/scif_uc3c.o
 .text.scif_bod18_disable_irq
                0x00000000       0x26 src/ASF/avr32/drivers/scif/scif_uc3c.o
 .text.scif_stop_rc120M
                0x00000000       0x26 src/ASF/avr32/drivers/scif/scif_uc3c.o
 .text.scif_start_rc120M
                0x00000000       0x24 src/ASF/avr32/drivers/scif/scif_uc3c.o
 .text.scif_stop_rc8M
                0x00000000       0x26 src/ASF/avr32/drivers/scif/scif_uc3c.o
 .text.scif_start_rc8M
                0x00000000       0x2e src/ASF/avr32/drivers/scif/scif_uc3c.o
 .text.scif_stop_osc32
                0x00000000       0x26 src/ASF/avr32/drivers/scif/scif_uc3c.o
 .text.scif_start_osc32
                0x00000000       0x4c src/ASF/avr32/drivers/scif/scif_uc3c.o
 .text.scif_pll_disable
                0x00000000       0x44 src/ASF/avr32/drivers/scif/scif_uc3c.o
 .text.scif_pll_enable
                0x00000000       0x44 src/ASF/avr32/drivers/scif/scif_uc3c.o
 .text.scif_pll_setup
                0x00000000       0x86 src/ASF/avr32/drivers/scif/scif_uc3c.o
 .text.scif_enable_extosc
                0x00000000       0x44 src/ASF/avr32/drivers/scif/scif_uc3c.o
 .text.scif_enable_osc
                0x00000000       0x74 src/ASF/avr32/drivers/scif/scif_uc3c.o
 .text.scif_configure_osc_extmode
                0x00000000       0x44 src/ASF/avr32/drivers/scif/scif_uc3c.o
 .text.scif_configure_osc_crystalmode
                0x00000000       0xd0 src/ASF/avr32/drivers/scif/scif_uc3c.o
 .text.scif_stop_osc
                0x00000000       0x2c src/ASF/avr32/drivers/scif/scif_uc3c.o
 .text.scif_start_osc
                0x00000000       0x94 src/ASF/avr32/drivers/scif/scif_uc3c.o
 .text          0x00000000        0x0 src/ASF/avr32/drivers/usbc/usbc_device.o
 .data          0x00000000        0x0 src/ASF/avr32/drivers/usbc/usbc_device.o
 .bss           0x00000000        0x0 src/ASF/avr32/drivers/usbc/usbc_device.o
 .text.udd_include_vbus_monitoring
                0x00000000        0x2 src/ASF/avr32/drivers/usbc/usbc_device.o
 .text.udd_ep_wait_stall_clear
                0x00000000       0x5c src/ASF/avr32/drivers/usbc/usbc_device.o
 .text.udd_send_remotewakeup
                0x00000000       0x34 src/ASF/avr32/drivers/usbc/usbc_device.o
 .text.udd_disable
                0x00000000       0x5c src/ASF/avr32/drivers/usbc/usbc_device.o
 .text          0x00000000        0x0 src/ASF/common/services/clock/uc3c/osc.o
 .data          0x00000000        0x0 src/ASF/common/services/clock/uc3c/osc.o
 .bss           0x00000000        0x0 src/ASF/common/services/clock/uc3c/osc.o
 .text.osc_priv_disable_rc120m
                0x00000000       0x24 src/ASF/common/services/clock/uc3c/osc.o
 .text.osc_priv_disable_rc8m
                0x00000000       0x2c src/ASF/common/services/clock/uc3c/osc.o
 .text          0x00000000        0x0 src/ASF/common/services/clock/uc3c/pll.o
 .data          0x00000000        0x0 src/ASF/common/services/clock/uc3c/pll.o
 .bss           0x00000000        0x0 src/ASF/common/services/clock/uc3c/pll.o
 .text.pll_disable
                0x00000000       0x28 src/ASF/common/services/clock/uc3c/pll.o
 .text.pll_config_write
                0x00000000       0x28 src/ASF/common/services/clock/uc3c/pll.o
 .text          0x00000000        0x0 src/ASF/common/services/clock/uc3c/sysclk.o
 .data          0x00000000        0x0 src/ASF/common/services/clock/uc3c/sysclk.o
 .bss           0x00000000        0x0 src/ASF/common/services/clock/uc3c/sysclk.o
 .text.sysclk_disable_usb
                0x00000000        0xc src/ASF/common/services/clock/uc3c/sysclk.o
 .text.sysclk_priv_disable_module
                0x00000000       0x3c src/ASF/common/services/clock/uc3c/sysclk.o
 .text          0x00000000        0x0 src/ASF/avr32/drivers/tc/tc.o
 .data          0x00000000        0x0 src/ASF/avr32/drivers/tc/tc.o
 .bss           0x00000000        0x0 src/ASF/avr32/drivers/tc/tc.o
 .text.tc_get_interrupt_settings
                0x00000000       0x12 src/ASF/avr32/drivers/tc/tc.o
 .text.tc_select_external_clock
                0x00000000       0x3e src/ASF/avr32/drivers/tc/tc.o
 .text.tc_init_capture
                0x00000000       0x58 src/ASF/avr32/drivers/tc/tc.o
 .text.tc_start
                0x00000000       0x12 src/ASF/avr32/drivers/tc/tc.o
 .text.tc_stop  0x00000000       0x12 src/ASF/avr32/drivers/tc/tc.o
 .text.tc_software_trigger
                0x00000000       0x12 src/ASF/avr32/drivers/tc/tc.o
 .text.tc_sync_trigger
                0x00000000        0x8 src/ASF/avr32/drivers/tc/tc.o
 .text.tc_read_sr
                0x00000000       0x12 src/ASF/avr32/drivers/tc/tc.o
 .text.tc_read_tc
                0x00000000       0x16 src/ASF/avr32/drivers/tc/tc.o
 .text.tc_read_ra
                0x00000000       0x16 src/ASF/avr32/drivers/tc/tc.o
 .text.tc_read_rb
                0x00000000       0x16 src/ASF/avr32/drivers/tc/tc.o
 .text.tc_read_rc
                0x00000000       0x16 src/ASF/avr32/drivers/tc/tc.o
 .text.tc_configure_interrupts
                0x00000000      0x108 src/ASF/avr32/drivers/tc/tc.o
 .text          0x00000000        0x0 src/ASF/avr32/drivers/intc/exception.o
 .data          0x00000000        0x0 src/ASF/avr32/drivers/intc/exception.o
 .bss           0x00000000        0x0 src/ASF/avr32/drivers/intc/exception.o
 .text          0x00000000        0x0 src/ASF/avr32/drivers/intc/intc.o
 .data          0x00000000        0x0 src/ASF/avr32/drivers/intc/intc.o
 .bss           0x00000000        0x0 src/ASF/avr32/drivers/intc/intc.o
 .text          0x00000000        0x0 src/ASF/avr32/utils/startup/startup_uc3.o
 .data          0x00000000        0x0 src/ASF/avr32/utils/startup/startup_uc3.o
 .bss           0x00000000        0x0 src/ASF/avr32/utils/startup/startup_uc3.o
 .reset         0x00000000        0x8 src/ASF/avr32/utils/startup/startup_uc3.o
 .text          0x00000000        0x0 src/ASF/avr32/utils/startup/trampoline_uc3.o
 .data          0x00000000        0x0 src/ASF/avr32/utils/startup/trampoline_uc3.o
 .bss           0x00000000        0x0 src/ASF/avr32/utils/startup/trampoline_uc3.o
 .text          0x00000000        0x0 src/ASF/common/boards/user_board/init.o
 .data          0x00000000        0x0 src/ASF/common/boards/user_board/init.o
 .bss           0x00000000        0x0 src/ASF/common/boards/user_board/init.o
 .text          0x00000000        0x0 src/ASF/common/services/sleepmgr/uc3/sleepmgr.o
 .data          0x00000000        0x0 src/ASF/common/services/sleepmgr/uc3/sleepmgr.o
 .bss           0x00000000        0x0 src/ASF/common/services/sleepmgr/uc3/sleepmgr.o
 .text          0x00000000        0x0 src/ASF/common/services/usb/class/cdc/device/udi_cdc.o
 .data          0x00000000        0x0 src/ASF/common/services/usb/class/cdc/device/udi_cdc.o
 .bss           0x00000000        0x0 src/ASF/common/services/usb/class/cdc/device/udi_cdc.o
 .text.udi_cdc_get_free_tx_buffer
                0x00000000       0x10 src/ASF/common/services/usb/class/cdc/device/udi_cdc.o
 .text.udi_cdc_multi_putc
                0x00000000       0x84 src/ASF/common/services/usb/class/cdc/device/udi_cdc.o
 .text.udi_cdc_putc
                0x00000000       0x10 src/ASF/common/services/usb/class/cdc/device/udi_cdc.o
 .text.udi_cdc_get_nb_received_data
                0x00000000       0x10 src/ASF/common/services/usb/class/cdc/device/udi_cdc.o
 .text.udi_cdc_multi_getc
                0x00000000       0x88 src/ASF/common/services/usb/class/cdc/device/udi_cdc.o
 .text.udi_cdc_getc
                0x00000000       0x10 src/ASF/common/services/usb/class/cdc/device/udi_cdc.o
 .text.udi_cdc_ctrl_state_notify
                0x00000000       0x4c src/ASF/common/services/usb/class/cdc/device/udi_cdc.o
 .text.udi_cdc_ctrl_state_change
                0x00000000       0x40 src/ASF/common/services/usb/class/cdc/device/udi_cdc.o
 .text.udi_cdc_multi_signal_overrun
                0x00000000       0x14 src/ASF/common/services/usb/class/cdc/device/udi_cdc.o
 .text.udi_cdc_multi_signal_parity_error
                0x00000000       0x14 src/ASF/common/services/usb/class/cdc/device/udi_cdc.o
 .text.udi_cdc_multi_signal_framing_error
                0x00000000       0x14 src/ASF/common/services/usb/class/cdc/device/udi_cdc.o
 .text.udi_cdc_multi_ctrl_signal_dsr
                0x00000000       0x10 src/ASF/common/services/usb/class/cdc/device/udi_cdc.o
 .text.udi_cdc_multi_ctrl_signal_dcd
                0x00000000       0x10 src/ASF/common/services/usb/class/cdc/device/udi_cdc.o
 .text.udi_cdc_signal_overrun
                0x00000000       0x14 src/ASF/common/services/usb/class/cdc/device/udi_cdc.o
 .text.udi_cdc_signal_parity_error
                0x00000000       0x14 src/ASF/common/services/usb/class/cdc/device/udi_cdc.o
 .text.udi_cdc_signal_framing_error
                0x00000000       0x14 src/ASF/common/services/usb/class/cdc/device/udi_cdc.o
 .text.udi_cdc_ctrl_signal_dsr
                0x00000000       0x14 src/ASF/common/services/usb/class/cdc/device/udi_cdc.o
 .text.udi_cdc_ctrl_signal_dcd
                0x00000000       0x14 src/ASF/common/services/usb/class/cdc/device/udi_cdc.o
 .text.udi_cdc_serial_state_msg_sent
                0x00000000       0x38 src/ASF/common/services/usb/class/cdc/device/udi_cdc.o
 .bss.udi_cdc_serial_state_msg_ongoing
                0x00000000        0x4 src/ASF/common/services/usb/class/cdc/device/udi_cdc.o
 .text          0x00000000        0x0 src/ASF/common/services/usb/class/cdc/device/udi_cdc_desc.o
 .data          0x00000000        0x0 src/ASF/common/services/usb/class/cdc/device/udi_cdc_desc.o
 .bss           0x00000000        0x0 src/ASF/common/services/usb/class/cdc/device/udi_cdc_desc.o
 .text          0x00000000        0x0 src/ASF/common/services/usb/udc/udc.o
 .data          0x00000000        0x0 src/ASF/common/services/usb/udc/udc.o
 .bss           0x00000000        0x0 src/ASF/common/services/usb/udc/udc.o
 .text.udc_get_interface_desc
                0x00000000        0xc src/ASF/common/services/usb/udc/udc.o
 .text.udc_stop
                0x00000000       0x14 src/ASF/common/services/usb/udc/udc.o
 .text          0x00000000        0x0 src/main.o
 .data          0x00000000        0x0 src/main.o
 .bss           0x00000000        0x0 src/main.o
 .text.my_callback_rx_notify
                0x00000000        0x2 src/main.o
 .text.my_callback_cdc_enable
                0x00000000        0xc src/main.o
 .text.my_callback_cdc_disable
                0x00000000        0xc src/main.o
 .text.sysclk_enable_pba_module
                0x00000000       0x10 src/main.o
 .bss.main_b_cdc_enable
                0x00000000        0x1 src/main.o
 .data          0x00000000        0x0 c:/program files/atmel/atmel toolchain/avr32 gcc/native/3.4.1057/avr32-gnu-toolchain/bin/../lib/gcc/avr32/4.4.7/../../../../avr32/lib/ucr3fp\libc.a(lib_a-memcpy.o)
 .bss           0x00000000        0x0 c:/program files/atmel/atmel toolchain/avr32 gcc/native/3.4.1057/avr32-gnu-toolchain/bin/../lib/gcc/avr32/4.4.7/../../../../avr32/lib/ucr3fp\libc.a(lib_a-memcpy.o)
 .text          0x00000000        0x0 c:/program files/atmel/atmel toolchain/avr32 gcc/native/3.4.1057/avr32-gnu-toolchain/bin/../lib/gcc/avr32/4.4.7/../../../../avr32/lib/ucr3fp\libc.a(lib_a-memset.o)
 .data          0x00000000        0x0 c:/program files/atmel/atmel toolchain/avr32 gcc/native/3.4.1057/avr32-gnu-toolchain/bin/../lib/gcc/avr32/4.4.7/../../../../avr32/lib/ucr3fp\libc.a(lib_a-memset.o)
 .bss           0x00000000        0x0 c:/program files/atmel/atmel toolchain/avr32 gcc/native/3.4.1057/avr32-gnu-toolchain/bin/../lib/gcc/avr32/4.4.7/../../../../avr32/lib/ucr3fp\libc.a(lib_a-memset.o)

Memory Configuration

Name             Origin             Length             Attributes
FLASH            0x80000000         0x00010000         axrl !w
CPUSRAM          0x00000004         0x00003ffc         axw !rl
USERPAGE         0x80800000         0x00000200
FACTORYPAGE      0x80800200         0x00000200
FLASHVAULT_FLASH_SIZE 0x80800400         0x00000008         r
FLASHVAULT_RAM_SIZE 0x80800408         0x00000008         r
*default*        0x00000000         0xffffffff

Linker script and memory map

                0x00001000                _stack_size = 0x1000
LOAD src/ASF/avr32/drivers/adcifa/adcifa.o
LOAD src/ASF/avr32/drivers/flashc/flashc.o
LOAD src/ASF/avr32/drivers/gpio/gpio.o
LOAD src/ASF/avr32/drivers/pdca/pdca.o
LOAD src/ASF/avr32/drivers/pevc/pevc.o
LOAD src/ASF/avr32/drivers/pm/pm_uc3c.o
LOAD src/ASF/avr32/drivers/pm/power_clocks_lib.o
LOAD src/ASF/avr32/drivers/scif/scif_uc3c.o
LOAD src/ASF/avr32/drivers/usbc/usbc_device.o
LOAD src/ASF/common/services/clock/uc3c/osc.o
LOAD src/ASF/common/services/clock/uc3c/pll.o
LOAD src/ASF/common/services/clock/uc3c/sysclk.o
LOAD src/ASF/avr32/drivers/tc/tc.o
LOAD src/ASF/avr32/drivers/intc/exception.o
LOAD src/ASF/avr32/drivers/intc/intc.o
LOAD src/ASF/avr32/utils/startup/startup_uc3.o
LOAD src/ASF/avr32/utils/startup/trampoline_uc3.o
LOAD src/ASF/common/boards/user_board/init.o
LOAD src/ASF/common/services/sleepmgr/uc3/sleepmgr.o
LOAD src/ASF/common/services/usb/class/cdc/device/udi_cdc.o
LOAD src/ASF/common/services/usb/class/cdc/device/udi_cdc_desc.o
LOAD src/ASF/common/services/usb/udc/udc.o
LOAD src/main.o
START GROUP
LOAD c:/program files/atmel/atmel toolchain/avr32 gcc/native/3.4.1057/avr32-gnu-toolchain/bin/../lib/gcc/avr32/4.4.7/../../../../avr32/lib/ucr3fp\libm.a
END GROUP
LOAD c:/program files/atmel/atmel toolchain/avr32 gcc/native/3.4.1057/avr32-gnu-toolchain/bin/../lib/gcc/avr32/4.4.7/ucr3fp\libgcc.a
LOAD c:/program files/atmel/atmel toolchain/avr32 gcc/native/3.4.1057/avr32-gnu-toolchain/bin/../lib/gcc/avr32/4.4.7/../../../../avr32/lib/ucr3fp\libc.a
LOAD c:/program files/atmel/atmel toolchain/avr32 gcc/native/3.4.1057/avr32-gnu-toolchain/bin/../lib/gcc/avr32/4.4.7/ucr3fp\libgcc.a
                0x80000000                PROVIDE (__executable_start, 0x80000000)
                0x80000000                . = 0x80000000

.interp
 *(.interp)

.reset          0x80000000     0x2004
 *(.reset)
 .reset         0x80000000     0x2004 src/ASF/avr32/utils/startup/trampoline_uc3.o
                               0x2008 (size before relaxing)
                0x80000000                _trampoline

.hash
 *(.hash)

.dynsym
 *(.dynsym)

.dynstr
 *(.dynstr)

.gnu.version
 *(.gnu.version)

.gnu.version_d
 *(.gnu.version_d)

.gnu.version_r
 *(.gnu.version_r)

.rel.init
 *(.rel.init)

.rela.init
 *(.rela.init)

.rel.text
 *(.rel.text .rel.text.* .rel.gnu.linkonce.t.*)

.rela.text
 *(.rela.text .rela.text.* .rela.gnu.linkonce.t.*)

.rel.fini
 *(.rel.fini)

.rela.fini
 *(.rela.fini)

.rel.rodata
 *(.rel.rodata .rel.rodata.* .rel.gnu.linkonce.r.*)

.rela.rodata
 *(.rela.rodata .rela.rodata.* .rela.gnu.linkonce.r.*)

.rel.data.rel.ro
 *(.rel.data.rel.ro*)

.rela.data.rel.ro
 *(.rel.data.rel.ro*)

.rel.data
 *(.rel.data .rel.data.* .rel.gnu.linkonce.d.*)

.rela.data
 *(.rela.data .rela.data.* .rela.gnu.linkonce.d.*)

.rel.tdata
 *(.rel.tdata .rel.tdata.* .rel.gnu.linkonce.td.*)

.rela.tdata
 *(.rela.tdata .rela.tdata.* .rela.gnu.linkonce.td.*)

.rel.tbss
 *(.rel.tbss .rel.tbss.* .rel.gnu.linkonce.tb.*)

.rela.tbss
 *(.rela.tbss .rela.tbss.* .rela.gnu.linkonce.tb.*)

.rel.ctors
 *(.rel.ctors)

.rela.ctors
 *(.rela.ctors)

.rel.dtors
 *(.rel.dtors)

.rela.dtors
 *(.rela.dtors)

.rel.got
 *(.rel.got)

.rela.got       0x80002004        0x0
 *(.rela.got)
 .rela.got      0x80002004        0x0 src/ASF/avr32/drivers/flashc/flashc.o

.rel.bss
 *(.rel.bss .rel.bss.* .rel.gnu.linkonce.b.*)

.rela.bss
 *(.rela.bss .rela.bss.* .rela.gnu.linkonce.b.*)

.rel.plt
 *(.rel.plt)

.rela.plt
 *(.rela.plt)

.init
 *(.init)

.plt
 *(.plt)

.text           0x80002004     0x2d9a
 *(.text .stub .text.* .gnu.linkonce.t.*)
 .text.adcifa_get_calibration_data
                0x80002004       0x34 src/ASF/avr32/drivers/adcifa/adcifa.o
                0x80002004                adcifa_get_calibration_data
 .text.adcifa_configure
                0x80002038       0xca src/ASF/avr32/drivers/adcifa/adcifa.o
                0x80002038                adcifa_configure
 *fill*         0x80002102        0x2 d703d703
 .text.adcifa_configure_sequencer
                0x80002104      0x368 src/ASF/avr32/drivers/adcifa/adcifa.o
                0x80002104                adcifa_configure_sequencer
 .text.flashc_set_wait_state
                0x8000246c        0xe src/ASF/avr32/drivers/flashc/flashc.o
                0x8000246c                flashc_set_wait_state
 *fill*         0x8000247a        0x2 d703d703
 .text.flashc_set_bus_freq
                0x8000247c       0x24 src/ASF/avr32/drivers/flashc/flashc.o
                0x8000247c                flashc_set_bus_freq
 .text.gpio_enable_module_pin
                0x800024a0       0x94 src/ASF/avr32/drivers/gpio/gpio.o
                0x800024a0                gpio_enable_module_pin
 .text.gpio_tgl_gpio_pin
                0x80002534       0x1c src/ASF/avr32/drivers/gpio/gpio.o
                0x80002534                gpio_tgl_gpio_pin
 .text.pdca_get_handler
                0x80002550       0x14 src/ASF/avr32/drivers/pdca/pdca.o
                0x80002550                pdca_get_handler
 .text.pdca_enable
                0x80002564       0x10 src/ASF/avr32/drivers/pdca/pdca.o
                0x80002564                pdca_enable
 .text.pdca_enable_interrupt_transfer_complete
                0x80002574       0x10 src/ASF/avr32/drivers/pdca/pdca.o
                0x80002574                pdca_enable_interrupt_transfer_complete
 .text.pdca_disable_interrupt_reload_counter_zero
                0x80002584       0x20 src/ASF/avr32/drivers/pdca/pdca.o
                0x80002584                pdca_disable_interrupt_reload_counter_zero
 .text.pdca_disable_interrupt_transfer_complete
                0x800025a4       0x20 src/ASF/avr32/drivers/pdca/pdca.o
                0x800025a4                pdca_disable_interrupt_transfer_complete
 .text.pdca_reload_channel
                0x800025c4       0x30 src/ASF/avr32/drivers/pdca/pdca.o
                0x800025c4                pdca_reload_channel
 .text.pdca_init_channel
                0x800025f4       0x60 src/ASF/avr32/drivers/pdca/pdca.o
                0x800025f4                pdca_init_channel
 .text.pevc_channel_configure
                0x80002654       0x82 src/ASF/avr32/drivers/pevc/pevc.o
                0x80002654                pevc_channel_configure
 .text.pevc_channels_enable
                0x800026d6       0x16 src/ASF/avr32/drivers/pevc/pevc.o
                0x800026d6                pevc_channels_enable
 .text.scif_start_gclk
                0x800026ec       0x3e src/ASF/avr32/drivers/scif/scif_uc3c.o
                0x800026ec                scif_start_gclk
 .text.udd_is_high_speed
                0x8000272a        0x2 src/ASF/avr32/drivers/usbc/usbc_device.o
                0x8000272a                udd_is_high_speed
 .text.udd_set_address
                0x8000272c       0x22 src/ASF/avr32/drivers/usbc/usbc_device.o
                0x8000272c                udd_set_address
 .text.udd_getaddress
                0x8000274e        0xc src/ASF/avr32/drivers/usbc/usbc_device.o
                0x8000274e                udd_getaddress
 .text.udd_get_frame_number
                0x8000275a        0xc src/ASF/avr32/drivers/usbc/usbc_device.o
                0x8000275a                udd_get_frame_number
 .text.udd_get_micro_frame_number
                0x80002766        0x2 src/ASF/avr32/drivers/usbc/usbc_device.o
                0x80002766                udd_get_micro_frame_number
 .text.udd_set_setup_payload
                0x80002768        0xc src/ASF/avr32/drivers/usbc/usbc_device.o
                0x80002768                udd_set_setup_payload
 .text.udd_ep_is_halted
                0x80002774       0x12 src/ASF/avr32/drivers/usbc/usbc_device.o
                0x80002774                udd_ep_is_halted
 *fill*         0x80002786        0x2 d703d703
 .text.udd_ep_clear_halt
                0x80002788       0x80 src/ASF/avr32/drivers/usbc/usbc_device.o
                0x80002788                udd_ep_clear_halt
 .text.udd_ctrl_init
                0x80002808       0x28 src/ASF/avr32/drivers/usbc/usbc_device.o
 .text.udd_ctrl_stall_data
                0x80002830       0x18 src/ASF/avr32/drivers/usbc/usbc_device.o
 .text.udd_ctrl_endofrequest
                0x80002848       0x14 src/ASF/avr32/drivers/usbc/usbc_device.o
 .text.udd_ep_abort
                0x8000285c       0x70 src/ASF/avr32/drivers/usbc/usbc_device.o
                0x8000285c                udd_ep_abort
 .text.udd_ep_set_halt
                0x800028cc       0x28 src/ASF/avr32/drivers/usbc/usbc_device.o
                0x800028cc                udd_ep_set_halt
 .text.udd_ep_free
                0x800028f4       0x24 src/ASF/avr32/drivers/usbc/usbc_device.o
                0x800028f4                udd_ep_free
 .text.udd_sleep_mode
                0x80002918       0x5c src/ASF/avr32/drivers/usbc/usbc_device.o
 .text.udd_detach
                0x80002974       0x28 src/ASF/avr32/drivers/usbc/usbc_device.o
                0x80002974                udd_detach
 .text.udd_attach
                0x8000299c       0x70 src/ASF/avr32/drivers/usbc/usbc_device.o
                0x8000299c                udd_attach
 .text.udd_ctrl_send_zlp_in
                0x80002a0c       0x40 src/ASF/avr32/drivers/usbc/usbc_device.o
 .text.udd_ep_trans_done
                0x80002a4c      0x300 src/ASF/avr32/drivers/usbc/usbc_device.o
 .text.udd_ep_run
                0x80002d4c       0xf4 src/ASF/avr32/drivers/usbc/usbc_device.o
                0x80002d4c                udd_ep_run
 .text.udd_ctrl_in_sent
                0x80002e40      0x140 src/ASF/avr32/drivers/usbc/usbc_device.o
 .text.udd_ep_alloc
                0x80002f80       0x8c src/ASF/avr32/drivers/usbc/usbc_device.o
                0x80002f80                udd_ep_alloc
 .text.udd_enable
                0x8000300c      0x104 src/ASF/avr32/drivers/usbc/usbc_device.o
                0x8000300c                udd_enable
 .text.udd_interrupt
                0x80003110      0x524 src/ASF/avr32/drivers/usbc/usbc_device.o
 .text.osc_priv_enable_rc120m
                0x80003634       0x24 src/ASF/common/services/clock/uc3c/osc.o
                0x80003634                osc_priv_enable_rc120m
 .text.osc_priv_enable_rc8m
                0x80003658       0x40 src/ASF/common/services/clock/uc3c/osc.o
                0x80003658                osc_priv_enable_rc8m
 .text.pll_enable
                0x80003698       0x2a src/ASF/common/services/clock/uc3c/pll.o
                0x80003698                pll_enable
 *fill*         0x800036c2        0x2 d703d703
 .text.osc_enable
                0x800036c4       0x28 src/ASF/common/services/clock/uc3c/sysclk.o
 .text.sysclk_set_source
                0x800036ec       0x20 src/ASF/common/services/clock/uc3c/sysclk.o
                0x800036ec                sysclk_set_source
 .text.sysclk_set_prescalers
                0x8000370c       0x6c src/ASF/common/services/clock/uc3c/sysclk.o
                0x8000370c                sysclk_set_prescalers
 .text.sysclk_priv_enable_module
                0x80003778       0x3a src/ASF/common/services/clock/uc3c/sysclk.o
                0x80003778                sysclk_priv_enable_module
 *fill*         0x800037b2        0x2 d703d703
 .text.sysclk_enable_usb
                0x800037b4       0x78 src/ASF/common/services/clock/uc3c/sysclk.o
                0x800037b4                sysclk_enable_usb
 .text.sysclk_init
                0x8000382c       0x94 src/ASF/common/services/clock/uc3c/sysclk.o
                0x8000382c                sysclk_init
 .text.tc_init_waveform
                0x800038c0       0x9c src/ASF/avr32/drivers/tc/tc.o
                0x800038c0                tc_init_waveform
 .text.tc_sync_start
                0x8000395c       0x12 src/ASF/avr32/drivers/tc/tc.o
                0x8000395c                tc_sync_start
 .text.tc_write_ra
                0x8000396e       0x34 src/ASF/avr32/drivers/tc/tc.o
                0x8000396e                tc_write_ra
 .text.tc_write_rb
                0x800039a2       0x34 src/ASF/avr32/drivers/tc/tc.o
                0x800039a2                tc_write_rb
 .text.tc_write_rc
                0x800039d6       0x34 src/ASF/avr32/drivers/tc/tc.o
                0x800039d6                tc_write_rc
 .text._unhandled_interrupt
                0x80003a0a        0x2 src/ASF/avr32/drivers/intc/intc.o
 .text.INTC_register_interrupt
                0x80003a0c       0x80 src/ASF/avr32/drivers/intc/intc.o
                0x80003a0c                INTC_register_interrupt
 .text.INTC_init_interrupts
                0x80003a8c       0x54 src/ASF/avr32/drivers/intc/intc.o
                0x80003a8c                INTC_init_interrupts
 .text._get_interrupt_handler
                0x80003ae0       0x38 src/ASF/avr32/drivers/intc/intc.o
                0x80003ae0                _get_interrupt_handler
 .text._stext   0x80003b18       0x40 src/ASF/avr32/utils/startup/startup_uc3.o
                                 0x50 (size before relaxing)
                0x80003b18                _stext
 .text.board_init
                0x80003b58        0x2 src/ASF/common/boards/user_board/init.o
                0x80003b58                board_init
 *fill*         0x80003b5a        0x2 d703d703
 .text.udi_cdc_comm_enable
                0x80003b5c       0x50 src/ASF/common/services/usb/class/cdc/device/udi_cdc.o
                0x80003b5c                udi_cdc_comm_enable
 .text.udi_cdc_comm_disable
                0x80003bac       0x10 src/ASF/common/services/usb/class/cdc/device/udi_cdc.o
                0x80003bac                udi_cdc_comm_disable
 .text.udi_cdc_data_disable
                0x80003bbc       0x1c src/ASF/common/services/usb/class/cdc/device/udi_cdc.o
                0x80003bbc                udi_cdc_data_disable
 .text.udi_cdc_data_setup
                0x80003bd8        0x2 src/ASF/common/services/usb/class/cdc/device/udi_cdc.o
                0x80003bd8                udi_cdc_data_setup
 .text.udi_cdc_getsetting
                0x80003bda        0x2 src/ASF/common/services/usb/class/cdc/device/udi_cdc.o
                0x80003bda                udi_cdc_getsetting
 .text.udi_cdc_setup_to_port
                0x80003bdc        0x2 src/ASF/common/services/usb/class/cdc/device/udi_cdc.o
 *fill*         0x80003bde        0x2 d703d703
 .text.udi_cdc_comm_setup
                0x80003be0       0xa4 src/ASF/common/services/usb/class/cdc/device/udi_cdc.o
                0x80003be0                udi_cdc_comm_setup
 .text.udi_cdc_line_coding_received
                0x80003c84        0x2 src/ASF/common/services/usb/class/cdc/device/udi_cdc.o
 *fill*         0x80003c86        0x2 d703d703
 .text.udi_cdc_multi_get_free_tx_buffer
                0x80003c88       0x70 src/ASF/common/services/usb/class/cdc/device/udi_cdc.o
                0x80003c88                udi_cdc_multi_get_free_tx_buffer
 .text.udi_cdc_multi_is_tx_ready
                0x80003cf8       0x10 src/ASF/common/services/usb/class/cdc/device/udi_cdc.o
                0x80003cf8                udi_cdc_multi_is_tx_ready
 .text.udi_cdc_is_tx_ready
                0x80003d08       0x10 src/ASF/common/services/usb/class/cdc/device/udi_cdc.o
                0x80003d08                udi_cdc_is_tx_ready
 .text.udi_cdc_multi_write_buf
                0x80003d18       0x9c src/ASF/common/services/usb/class/cdc/device/udi_cdc.o
                0x80003d18                udi_cdc_multi_write_buf
 .text.udi_cdc_write_buf
                0x80003db4       0x14 src/ASF/common/services/usb/class/cdc/device/udi_cdc.o
                0x80003db4                udi_cdc_write_buf
 .text.udi_cdc_multi_get_nb_received_data
                0x80003dc8       0x30 src/ASF/common/services/usb/class/cdc/device/udi_cdc.o
                0x80003dc8                udi_cdc_multi_get_nb_received_data
 .text.udi_cdc_multi_is_rx_ready
                0x80003df8       0x10 src/ASF/common/services/usb/class/cdc/device/udi_cdc.o
                0x80003df8                udi_cdc_multi_is_rx_ready
 .text.udi_cdc_is_rx_ready
                0x80003e08       0x10 src/ASF/common/services/usb/class/cdc/device/udi_cdc.o
                0x80003e08                udi_cdc_is_rx_ready
 .text.udi_cdc_rx_start
                0x80003e18       0x8c src/ASF/common/services/usb/class/cdc/device/udi_cdc.o
 .text.udi_cdc_multi_read_buf
                0x80003ea4       0x8c src/ASF/common/services/usb/class/cdc/device/udi_cdc.o
                0x80003ea4                udi_cdc_multi_read_buf
 .text.udi_cdc_read_buf
                0x80003f30       0x14 src/ASF/common/services/usb/class/cdc/device/udi_cdc.o
                0x80003f30                udi_cdc_read_buf
 .text.udi_cdc_data_received
                0x80003f44       0x58 src/ASF/common/services/usb/class/cdc/device/udi_cdc.o
 .text.udi_cdc_tx_send
                0x80003f9c      0x134 src/ASF/common/services/usb/class/cdc/device/udi_cdc.o
 .text.udi_cdc_data_sof_notify
                0x800040d0       0x10 src/ASF/common/services/usb/class/cdc/device/udi_cdc.o
                0x800040d0                udi_cdc_data_sof_notify
 .text.udi_cdc_data_sent
                0x800040e0       0x40 src/ASF/common/services/usb/class/cdc/device/udi_cdc.o
 .text.udi_cdc_data_enable
                0x80004120       0x98 src/ASF/common/services/usb/class/cdc/device/udi_cdc.o
                0x80004120                udi_cdc_data_enable
 .text.udc_sof_notify
                0x800041b8       0x50 src/ASF/common/services/usb/udc/udc.o
                0x800041b8                udc_sof_notify
 .text.udc_get_eof_conf
                0x80004208       0x20 src/ASF/common/services/usb/udc/udc.o
 .text.udc_update_iface_desc
                0x80004228       0x84 src/ASF/common/services/usb/udc/udc.o
 .text.udc_next_desc_in_iface
                0x800042ac       0x50 src/ASF/common/services/usb/udc/udc.o
 .text.udc_valid_address
                0x800042fc       0x18 src/ASF/common/services/usb/udc/udc.o
 .text.udc_iface_enable
                0x80004314       0x60 src/ASF/common/services/usb/udc/udc.o
 .text.udc_iface_disable
                0x80004374       0x64 src/ASF/common/services/usb/udc/udc.o
 .text.udc_reset
                0x800043d8       0x5c src/ASF/common/services/usb/udc/udc.o
                0x800043d8                udc_reset
 .text.udc_process_setup
                0x80004434      0x548 src/ASF/common/services/usb/udc/udc.o
                0x80004434                udc_process_setup
 .text.udc_start
                0x8000497c        0xc src/ASF/common/services/usb/udc/udc.o
                0x8000497c                udc_start
 .text.main     0x80004988      0x27c src/main.o
                0x80004988                main
 .text.pdca_int_handler_seq0
                0x80004c04       0x44 src/main.o
 .text          0x80004c48      0x148 c:/program files/atmel/atmel toolchain/avr32 gcc/native/3.4.1057/avr32-gnu-toolchain/bin/../lib/gcc/avr32/4.4.7/../../../../avr32/lib/ucr3fp\libc.a(lib_a-memcpy.o)
                0x80004c48                memcpy
 .text.memset   0x80004d90        0xe c:/program files/atmel/atmel toolchain/avr32 gcc/native/3.4.1057/avr32-gnu-toolchain/bin/../lib/gcc/avr32/4.4.7/../../../../avr32/lib/ucr3fp\libc.a(lib_a-memset.o)
                0x80004d90                memset
 *(.text.*personality*)
 *(.gnu.warning)

.exception      0x80004e00      0x200
 .exception     0x80004e00      0x200 src/ASF/avr32/drivers/intc/exception.o
                0x80004e00                _evba
                0x80004f04                _int0
                0x80004f12                _int1
                0x80004f20                _int2
                0x80004f2e                _int3

.fini
 *(.fini)
                0x80005000                PROVIDE (__etext, .)
                0x80005000                PROVIDE (_etext, .)
                0x80005000                PROVIDE (etext, .)

.rodata         0x80005000      0x1f3
 *(.rodata .rodata.* .gnu.linkonce.r.*)
 .rodata.gpio_enable_module_pin
                0x80005000       0x20 src/ASF/avr32/drivers/gpio/gpio.o
 .rodata._int_handler_table
                0x80005020      0x178 src/ASF/avr32/drivers/intc/intc.o
 .rodata.str1.4
                0x80005198        0x8 src/ASF/common/services/usb/udc/udc.o
 .rodata.C.55.15864
                0x800051a0       0x12 src/main.o
 *fill*         0x800051b2        0x2 
 .rodata.C.52.15859
                0x800051b4        0xc src/main.o
 .rodata.pdca_channel0_config_t
                0x800051c0       0x1c src/main.o
 .rodata.PEVC_EVS_OPTIONS.15836
                0x800051dc       0x10 src/main.o
 .rodata.C.54.15863
                0x800051ec        0x7 src/main.o

.rodata1
 *(.rodata1)

.eh_frame_hdr
 *(.eh_frame_hdr)

.eh_frame
 *(.eh_frame)

.gcc_except_table
 *(.gcc_except_table)
 *(.gcc_except_table.*)

.dalign         0x800051f3        0x5
                0x800051f8                . = ALIGN (0x8)
 *fill*         0x800051f3        0x5 
                0x800051f8                PROVIDE (_data_lma, .)
                0x00000004                PROVIDE (_data, ORIGIN (CPUSRAM))
                0x00000004                . = ORIGIN (CPUSRAM)

.eh_frame
 *(.eh_frame)

.gcc_except_table
 *(.gcc_except_table)
 *(.gcc_except_table.*)

.tdata
 *(.tdata .tdata.* .gnu.linkonce.td.*)

.tbss
 *(.tbss .tbss.* .gnu.linkonce.tb.*)
 *(.tcommon)
                0x00000004                PROVIDE (__preinit_array_start, ALIGN (0x4))

.preinit_array
 *(.preinit_array)
                0x00000004                PROVIDE (__preinit_array_end, .)
                0x00000004                PROVIDE (__init_array_start, .)

.init_array
 *(.init_array)
                0x00000004                PROVIDE (__init_array_end, .)
                0x00000004                PROVIDE (__fini_array_start, .)

.fini_array
 *(.fini_array)
                0x00000004                PROVIDE (__fini_array_end, .)

.ctors
 *crtbegin*.o(.ctors)
 *(EXCLUDE_FILE(*crtend*.o) .ctors)
 *(SORT(.ctors.*))
 *(.ctors)

.dtors
 *crtbegin*.o(.dtors)
 *(EXCLUDE_FILE(*crtend*.o) .dtors)
 *(SORT(.dtors.*))
 *(.dtors)

.jcr
 *(.jcr)

.data.rel.ro
 *(.data.rel.ro.local)
 *(.data.rel.ro*)

.dynamic
 *(.dynamic)

.got
 *(.got.plt)
 *(.got)

.data           0x00000004       0xfc load address 0x800051f8
 *(.data .data.* .gnu.linkonce.d.*)
 .data.udi_api_cdc_data
                0x00000004       0x14 src/ASF/common/services/usb/class/cdc/device/udi_cdc.o
                0x00000004                udi_api_cdc_data
 .data.udi_api_cdc_comm
                0x00000018       0x14 src/ASF/common/services/usb/class/cdc/device/udi_cdc.o
                0x00000018                udi_api_cdc_comm
 .data.udi_apis
                0x0000002c        0x8 src/ASF/common/services/usb/class/cdc/device/udi_cdc_desc.o
                0x0000002c                udi_apis
 .data.udc_config
                0x00000034        0xc src/ASF/common/services/usb/class/cdc/device/udi_cdc_desc.o
                0x00000034                udc_config
 .data.udc_config_fs
                0x00000040        0x8 src/ASF/common/services/usb/class/cdc/device/udi_cdc_desc.o
                0x00000040                udc_config_fs
 .data.udc_device_desc
                0x00000048       0x14 src/ASF/common/services/usb/class/cdc/device/udi_cdc_desc.o
                0x00000048                udc_device_desc
 .data.udc_desc_fs
                0x0000005c       0x44 src/ASF/common/services/usb/class/cdc/device/udi_cdc_desc.o
                0x0000005c                udc_desc_fs
 .data.udc_string_product_name
                0x000000a0       0x18 src/ASF/common/services/usb/udc/udc.o
 .data.udc_string_manufacturer_name
                0x000000b8        0xc src/ASF/common/services/usb/udc/udc.o
 .data.udc_string_desc
                0x000000c4       0x30 src/ASF/common/services/usb/udc/udc.o
 .data.udc_string_desc_languageid
                0x000000f4        0x4 src/ASF/common/services/usb/udc/udc.o
 .data.adcifa   0x000000f8        0x4 src/main.o
                0x000000f8                adcifa
 .data.ppevc    0x000000fc        0x4 src/main.o
                0x000000fc                ppevc
 *(.gnu.linkonce.d.*personality*)

.data1
 *(.data1)

.balign         0x00000100        0x0 load address 0x800052f4
                0x00000100                . = ALIGN (0x8)
                0x00000100                _edata = .
                0x00000100                _edata = .
                0x00000100                PROVIDE (edata, .)
                0x00000100                __bss_start = .

.bss            0x00000100     0x2ce8 load address 0x80005300
 *(.dynbss)
 *(.bss .bss.* .gnu.linkonce.b.*)
 .bss.adcifa_seq1_configured
                0x00000100        0x1 src/ASF/avr32/drivers/adcifa/adcifa.o
 *fill*         0x00000101        0x1 
 .bss.udd_ctrl_prev_payload_nb_trans
                0x00000102        0x2 src/ASF/avr32/drivers/usbc/usbc_device.o
 .bss.udd_ep_job
                0x00000104       0x3c src/ASF/avr32/drivers/usbc/usbc_device.o
 .bss.udd_g_ep_table
                0x00000140       0x80 src/ASF/avr32/drivers/usbc/usbc_device.o
 .bss.udd_b_idle
                0x000001c0        0x1 src/ASF/avr32/drivers/usbc/usbc_device.o
 *fill*         0x000001c1        0x1 
 .bss.udd_ctrl_payload_nb_trans
                0x000001c2        0x2 src/ASF/avr32/drivers/usbc/usbc_device.o
 .bss.b_shortpacket.15878
                0x000001c4        0x1 src/ASF/avr32/drivers/usbc/usbc_device.o
 *fill*         0x000001c5        0x3 
 .bss.udd_ep_control_state
                0x000001c8        0x4 src/ASF/avr32/drivers/usbc/usbc_device.o
 .bss._int_line_handler_table_0
                0x000001cc        0x4 src/ASF/avr32/drivers/intc/intc.o
 .bss._int_line_handler_table_1
                0x000001d0        0x8 src/ASF/avr32/drivers/intc/intc.o
 .bss._int_line_handler_table_2
                0x000001d8        0x4 src/ASF/avr32/drivers/intc/intc.o
 .bss._int_line_handler_table_3
                0x000001dc       0x10 src/ASF/avr32/drivers/intc/intc.o
 .bss._int_line_handler_table_4
                0x000001ec       0x10 src/ASF/avr32/drivers/intc/intc.o
 .bss._int_line_handler_table_5
                0x000001fc       0x10 src/ASF/avr32/drivers/intc/intc.o
 .bss._int_line_handler_table_6
                0x0000020c       0x10 src/ASF/avr32/drivers/intc/intc.o
 .bss._int_line_handler_table_7
                0x0000021c        0x4 src/ASF/avr32/drivers/intc/intc.o
 .bss._int_line_handler_table_8
                0x00000220        0x4 src/ASF/avr32/drivers/intc/intc.o
 .bss._int_line_handler_table_9
                0x00000224       0x28 src/ASF/avr32/drivers/intc/intc.o
 .bss._int_line_handler_table_10
                0x0000024c        0x4 src/ASF/avr32/drivers/intc/intc.o
 .bss._int_line_handler_table_11
                0x00000250        0x4 src/ASF/avr32/drivers/intc/intc.o
 .bss._int_line_handler_table_12
                0x00000254        0x4 src/ASF/avr32/drivers/intc/intc.o
 .bss._int_line_handler_table_13
                0x00000258        0x4 src/ASF/avr32/drivers/intc/intc.o
 .bss._int_line_handler_table_14
                0x0000025c       0x14 src/ASF/avr32/drivers/intc/intc.o
 .bss._int_line_handler_table_15
                0x00000270       0x10 src/ASF/avr32/drivers/intc/intc.o
 .bss._int_line_handler_table_16
                0x00000280       0x10 src/ASF/avr32/drivers/intc/intc.o
 .bss._int_line_handler_table_17
                0x00000290        0x4 src/ASF/avr32/drivers/intc/intc.o
 .bss._int_line_handler_table_18
                0x00000294       0x40 src/ASF/avr32/drivers/intc/intc.o
 .bss._int_line_handler_table_19
                0x000002d4        0x4 src/ASF/avr32/drivers/intc/intc.o
 .bss._int_line_handler_table_33
                0x000002d8        0xc src/ASF/avr32/drivers/intc/intc.o
 .bss._int_line_handler_table_34
                0x000002e4        0xc src/ASF/avr32/drivers/intc/intc.o
 .bss._int_line_handler_table_35
                0x000002f0        0x8 src/ASF/avr32/drivers/intc/intc.o
 .bss._int_line_handler_table_36
                0x000002f8       0x18 src/ASF/avr32/drivers/intc/intc.o
 .bss._int_line_handler_table_37
                0x00000310        0x4 src/ASF/avr32/drivers/intc/intc.o
 .bss._int_line_handler_table_38
                0x00000314        0x4 src/ASF/avr32/drivers/intc/intc.o
 .bss._int_line_handler_table_39
                0x00000318       0x18 src/ASF/avr32/drivers/intc/intc.o
 .bss._int_line_handler_table_40
                0x00000330       0x18 src/ASF/avr32/drivers/intc/intc.o
 .bss._int_line_handler_table_29
                0x00000348        0x4 src/ASF/avr32/drivers/intc/intc.o
 .bss._int_line_handler_table_30
                0x0000034c        0x4 src/ASF/avr32/drivers/intc/intc.o
 .bss._int_line_handler_table_31
                0x00000350        0x4 src/ASF/avr32/drivers/intc/intc.o
 .bss._int_line_handler_table_41
                0x00000354        0x4 src/ASF/avr32/drivers/intc/intc.o
 .bss._int_line_handler_table_32
                0x00000358        0x4 src/ASF/avr32/drivers/intc/intc.o
 .bss._int_line_handler_table_45
                0x0000035c        0x4 src/ASF/avr32/drivers/intc/intc.o
 .bss._int_line_handler_table_20
                0x00000360        0x4 src/ASF/avr32/drivers/intc/intc.o
 .bss._int_line_handler_table_21
                0x00000364        0x4 src/ASF/avr32/drivers/intc/intc.o
 .bss._int_line_handler_table_22
                0x00000368        0x4 src/ASF/avr32/drivers/intc/intc.o
 .bss._int_line_handler_table_23
                0x0000036c        0x4 src/ASF/avr32/drivers/intc/intc.o
 .bss._int_line_handler_table_24
                0x00000370        0x4 src/ASF/avr32/drivers/intc/intc.o
 .bss._int_line_handler_table_25
                0x00000374        0x4 src/ASF/avr32/drivers/intc/intc.o
 .bss._int_line_handler_table_26
                0x00000378        0x4 src/ASF/avr32/drivers/intc/intc.o
 .bss._int_line_handler_table_27
                0x0000037c        0x4 src/ASF/avr32/drivers/intc/intc.o
 .bss._int_line_handler_table_28
                0x00000380        0x4 src/ASF/avr32/drivers/intc/intc.o
 .bss._int_line_handler_table_42
                0x00000384        0x4 src/ASF/avr32/drivers/intc/intc.o
 .bss._int_line_handler_table_43
                0x00000388        0x4 src/ASF/avr32/drivers/intc/intc.o
 .bss._int_line_handler_table_44
                0x0000038c        0x4 src/ASF/avr32/drivers/intc/intc.o
 .bss._int_line_handler_table_46
                0x00000390        0x4 src/ASF/avr32/drivers/intc/intc.o
 .bss.udi_cdc_line_coding
                0x00000394        0x7 src/ASF/common/services/usb/class/cdc/device/udi_cdc.o
 .bss.udi_cdc_nb_data_enabled
                0x0000039b        0x1 src/ASF/common/services/usb/class/cdc/device/udi_cdc.o
 .bss.udi_cdc_tx_buf_sel
                0x0000039c        0x4 src/ASF/common/services/usb/class/cdc/device/udi_cdc.o
 .bss.udi_cdc_tx_buf_nb
                0x000003a0        0x4 src/ASF/common/services/usb/class/cdc/device/udi_cdc.o
 .bss.udi_cdc_tx_buf
                0x000003a4       0x80 src/ASF/common/services/usb/class/cdc/device/udi_cdc.o
 .bss.udi_cdc_rx_buf_nb
                0x00000424        0x4 src/ASF/common/services/usb/class/cdc/device/udi_cdc.o
 .bss.udi_cdc_nb_comm_enabled
                0x00000428        0x1 src/ASF/common/services/usb/class/cdc/device/udi_cdc.o
 *fill*         0x00000429        0x1 
 .bss.udi_cdc_rx_pos
                0x0000042a        0x2 src/ASF/common/services/usb/class/cdc/device/udi_cdc.o
 .bss.sof_zlp_counter.14961
                0x0000042c        0x2 src/ASF/common/services/usb/class/cdc/device/udi_cdc.o
 .bss.udi_cdc_tx_sof_num
                0x0000042e        0x2 src/ASF/common/services/usb/class/cdc/device/udi_cdc.o
 .bss.udi_cdc_data_running
                0x00000430        0x1 src/ASF/common/services/usb/class/cdc/device/udi_cdc.o
 *fill*         0x00000431        0x3 
 .bss.udi_cdc_rx_buf_sel
                0x00000434        0x4 src/ASF/common/services/usb/class/cdc/device/udi_cdc.o
 .bss.udi_cdc_tx_trans_ongoing
                0x00000438        0x4 src/ASF/common/services/usb/class/cdc/device/udi_cdc.o
 .bss.uid_cdc_state_msg
                0x0000043c        0xc src/ASF/common/services/usb/class/cdc/device/udi_cdc.o
 .bss.udi_cdc_rx_buf
                0x00000448       0x80 src/ASF/common/services/usb/class/cdc/device/udi_cdc.o
 .bss.udi_cdc_rx_trans_ongoing
                0x000004c8        0x4 src/ASF/common/services/usb/class/cdc/device/udi_cdc.o
 .bss.udi_cdc_tx_both_buf_to_send
                0x000004cc        0x4 src/ASF/common/services/usb/class/cdc/device/udi_cdc.o
 .bss.udi_cdc_state
                0x000004d0        0x2 src/ASF/common/services/usb/class/cdc/device/udi_cdc.o
 .bss.udc_iface_setting.14835
                0x000004d2        0x1 src/ASF/common/services/usb/udc/udc.o
 *fill*         0x000004d3        0x1 
 .bss.udc_ptr_conf
                0x000004d4        0x4 src/ASF/common/services/usb/udc/udc.o
 .bss.udc_ep_status.14621
                0x000004d8        0x2 src/ASF/common/services/usb/udc/udc.o
 .bss.udc_device_status
                0x000004da        0x2 src/ASF/common/services/usb/udc/udc.o
 .bss.udc_num_configuration
                0x000004dc        0x1 src/ASF/common/services/usb/udc/udc.o
 *fill*         0x000004dd        0x3 
 .bss.udc_ptr_iface
                0x000004e0        0x4 src/ASF/common/services/usb/udc/udc.o
 .bss.flag_end_of_acquisition
                0x000004e4        0x1 src/main.o
                0x000004e4                flag_end_of_acquisition
 *(COMMON)
 *fill*         0x000004e5        0x3 
 COMMON         0x000004e8      0x118 src/ASF/avr32/drivers/usbc/usbc_device.o
                0x000004e8                udd_ep_out_cache_buffer
                0x000005a8                udd_g_ctrlreq
                0x000005c0                udd_ctrl_buffer
 COMMON         0x00000600        0x7 src/ASF/common/services/sleepmgr/uc3/sleepmgr.o
                0x00000600                sleepmgr_locks
 *fill*         0x00000607        0x1 
 COMMON         0x00000608     0x27e0 src/main.o
                0x00000608                TC_Buff
                0x0000060c                TM_Buff
                0x00001358                adc_values
                0x00002de8                . = ALIGN (0x8)
                0x00002de8                . = ALIGN (0x8)
                0x00002de8                _end = .
                0x00002de8                PROVIDE (end, .)
                0x00002de8                __heap_start__ = ALIGN (0x8)
                0x00003000                . = ((ORIGIN (CPUSRAM) + 0x3ffc) - _stack_size)
                0x00003000                __heap_end__ = .

.stab
 *(.stab)

.stabstr
 *(.stabstr)

.stab.excl
 *(.stab.excl)

.stab.exclstr
 *(.stab.exclstr)

.stab.index
 *(.stab.index)

.stab.indexstr
 *(.stab.indexstr)

.comment        0x00000000       0x30
 *(.comment)
 .comment       0x00000000       0x30 src/ASF/avr32/drivers/adcifa/adcifa.o
                                 0x31 (size before relaxing)
 .comment       0x00000000       0x31 src/ASF/avr32/drivers/flashc/flashc.o
 .comment       0x00000000       0x31 src/ASF/avr32/drivers/gpio/gpio.o
 .comment       0x00000000       0x31 src/ASF/avr32/drivers/pdca/pdca.o
 .comment       0x00000000       0x31 src/ASF/avr32/drivers/pevc/pevc.o
 .comment       0x00000000       0x31 src/ASF/avr32/drivers/scif/scif_uc3c.o
 .comment       0x00000000       0x31 src/ASF/avr32/drivers/usbc/usbc_device.o
 .comment       0x00000000       0x31 src/ASF/common/services/clock/uc3c/osc.o
 .comment       0x00000000       0x31 src/ASF/common/services/clock/uc3c/pll.o
 .comment       0x00000000       0x31 src/ASF/common/services/clock/uc3c/sysclk.o
 .comment       0x00000000       0x31 src/ASF/avr32/drivers/tc/tc.o
 .comment       0x00000000       0x31 src/ASF/avr32/drivers/intc/intc.o
 .comment       0x00000000       0x31 src/ASF/common/boards/user_board/init.o
 .comment       0x00000000       0x31 src/ASF/common/services/sleepmgr/uc3/sleepmgr.o
 .comment       0x00000000       0x31 src/ASF/common/services/usb/class/cdc/device/udi_cdc.o
 .comment       0x00000000       0x31 src/ASF/common/services/usb/class/cdc/device/udi_cdc_desc.o
 .comment       0x00000000       0x31 src/ASF/common/services/usb/udc/udc.o
 .comment       0x00000000       0x31 src/main.o
 .comment       0x00000000       0x31 c:/program files/atmel/atmel toolchain/avr32 gcc/native/3.4.1057/avr32-gnu-toolchain/bin/../lib/gcc/avr32/4.4.7/../../../../avr32/lib/ucr3fp\libc.a(lib_a-memset.o)

.debug
 *(.debug)

.line
 *(.line)

.debug_srcinfo
 *(.debug_srcinfo)

.debug_sfnames
 *(.debug_sfnames)

.debug_aranges  0x00000000      0xc08
 *(.debug_aranges)
 .debug_aranges
                0x00000000       0x88 src/ASF/avr32/drivers/adcifa/adcifa.o
 .debug_aranges
                0x00000088      0x220 src/ASF/avr32/drivers/flashc/flashc.o
 .debug_aranges
                0x000002a8      0x120 src/ASF/avr32/drivers/gpio/gpio.o
 .debug_aranges
                0x000003c8       0xb8 src/ASF/avr32/drivers/pdca/pdca.o
 .debug_aranges
                0x00000480       0xb0 src/ASF/avr32/drivers/pevc/pevc.o
 .debug_aranges
                0x00000530      0x168 src/ASF/avr32/drivers/scif/scif_uc3c.o
 .debug_aranges
                0x00000698       0xf8 src/ASF/avr32/drivers/usbc/usbc_device.o
 .debug_aranges
                0x00000790       0x38 src/ASF/common/services/clock/uc3c/osc.o
 .debug_aranges
                0x000007c8       0x30 src/ASF/common/services/clock/uc3c/pll.o
 .debug_aranges
                0x000007f8       0x58 src/ASF/common/services/clock/uc3c/sysclk.o
 .debug_aranges
                0x00000850       0xa8 src/ASF/avr32/drivers/tc/tc.o
 .debug_aranges
                0x000008f8       0x20 src/ASF/avr32/drivers/intc/exception.o
 .debug_aranges
                0x00000918       0x38 src/ASF/avr32/drivers/intc/intc.o
 .debug_aranges
                0x00000950       0x28 src/ASF/avr32/utils/startup/startup_uc3.o
 .debug_aranges
                0x00000978       0x20 src/ASF/avr32/utils/startup/trampoline_uc3.o
 .debug_aranges
                0x00000998       0x20 src/ASF/common/boards/user_board/init.o
 .debug_aranges
                0x000009b8      0x170 src/ASF/common/services/usb/class/cdc/device/udi_cdc.o
 .debug_aranges
                0x00000b28       0x78 src/ASF/common/services/usb/udc/udc.o
 .debug_aranges
                0x00000ba0       0x48 src/main.o
 .debug_aranges
                0x00000be8       0x20 c:/program files/atmel/atmel toolchain/avr32 gcc/native/3.4.1057/avr32-gnu-toolchain/bin/../lib/gcc/avr32/4.4.7/../../../../avr32/lib/ucr3fp\libc.a(lib_a-memset.o)

.debug_pubnames
                0x00000000     0x212e
 *(.debug_pubnames)
 .debug_pubnames
                0x00000000      0x193 src/ASF/avr32/drivers/adcifa/adcifa.o
 .debug_pubnames
                0x00000193      0x79d src/ASF/avr32/drivers/flashc/flashc.o
 .debug_pubnames
                0x00000930      0x3aa src/ASF/avr32/drivers/gpio/gpio.o
 .debug_pubnames
                0x00000cda      0x275 src/ASF/avr32/drivers/pdca/pdca.o
 .debug_pubnames
                0x00000f4f      0x2b6 src/ASF/avr32/drivers/pevc/pevc.o
 .debug_pubnames
                0x00001205      0x3f6 src/ASF/avr32/drivers/scif/scif_uc3c.o
 .debug_pubnames
                0x000015fb      0x1f6 src/ASF/avr32/drivers/usbc/usbc_device.o
 .debug_pubnames
                0x000017f1       0x7c src/ASF/common/services/clock/uc3c/osc.o
 .debug_pubnames
                0x0000186d       0x46 src/ASF/common/services/clock/uc3c/pll.o
 .debug_pubnames
                0x000018b3       0xbc src/ASF/common/services/clock/uc3c/sysclk.o
 .debug_pubnames
                0x0000196f      0x164 src/ASF/avr32/drivers/tc/tc.o
 .debug_pubnames
                0x00001ad3       0x62 src/ASF/avr32/drivers/intc/intc.o
 .debug_pubnames
                0x00001b35       0x21 src/ASF/common/boards/user_board/init.o
 .debug_pubnames
                0x00001b56       0x25 src/ASF/common/services/sleepmgr/uc3/sleepmgr.o
 .debug_pubnames
                0x00001b7b      0x3ef src/ASF/common/services/usb/class/cdc/device/udi_cdc.o
 .debug_pubnames
                0x00001f6a       0x64 src/ASF/common/services/usb/class/cdc/device/udi_cdc_desc.o
 .debug_pubnames
                0x00001fce       0x7f src/ASF/common/services/usb/udc/udc.o
 .debug_pubnames
                0x0000204d       0xc4 src/main.o
 .debug_pubnames
                0x00002111       0x1d c:/program files/atmel/atmel toolchain/avr32 gcc/native/3.4.1057/avr32-gnu-toolchain/bin/../lib/gcc/avr32/4.4.7/../../../../avr32/lib/ucr3fp\libc.a(lib_a-memset.o)

.debug_info     0x00000000    0x1f478
 *(.debug_info .gnu.linkonce.wi.*)
 .debug_info    0x00000000     0x1e60 src/ASF/avr32/drivers/adcifa/adcifa.o
 .debug_info    0x00001e60     0x1cf7 src/ASF/avr32/drivers/flashc/flashc.o
 .debug_info    0x00003b57      0xf50 src/ASF/avr32/drivers/gpio/gpio.o
 .debug_info    0x00004aa7      0xf81 src/ASF/avr32/drivers/pdca/pdca.o
 .debug_info    0x00005a28      0x9dc src/ASF/avr32/drivers/pevc/pevc.o
 .debug_info    0x00006404     0x1caa src/ASF/avr32/drivers/scif/scif_uc3c.o
 .debug_info    0x000080ae     0xb392 src/ASF/avr32/drivers/usbc/usbc_device.o
 .debug_info    0x00013440     0x1320 src/ASF/common/services/clock/uc3c/osc.o
 .debug_info    0x00014760     0x1305 src/ASF/common/services/clock/uc3c/pll.o
 .debug_info    0x00015a65     0x2615 src/ASF/common/services/clock/uc3c/sysclk.o
 .debug_info    0x0001807a     0x1180 src/ASF/avr32/drivers/tc/tc.o
 .debug_info    0x000191fa       0xa0 src/ASF/avr32/drivers/intc/exception.o
 .debug_info    0x0001929a      0x836 src/ASF/avr32/drivers/intc/intc.o
 .debug_info    0x00019ad0       0x9f src/ASF/avr32/utils/startup/startup_uc3.o
 .debug_info    0x00019b6f       0xa6 src/ASF/avr32/utils/startup/trampoline_uc3.o
 .debug_info    0x00019c15       0xc9 src/ASF/common/boards/user_board/init.o
 .debug_info    0x00019cde       0xf9 src/ASF/common/services/sleepmgr/uc3/sleepmgr.o
 .debug_info    0x00019dd7     0x1219 src/ASF/common/services/usb/class/cdc/device/udi_cdc.o
 .debug_info    0x0001aff0      0x7d6 src/ASF/common/services/usb/class/cdc/device/udi_cdc_desc.o
 .debug_info    0x0001b7c6      0xdc7 src/ASF/common/services/usb/udc/udc.o
 .debug_info    0x0001c58d     0x2e1e src/main.o
 .debug_info    0x0001f3ab       0xcd c:/program files/atmel/atmel toolchain/avr32 gcc/native/3.4.1057/avr32-gnu-toolchain/bin/../lib/gcc/avr32/4.4.7/../../../../avr32/lib/ucr3fp\libc.a(lib_a-memset.o)

.debug_abbrev   0x00000000     0x2b04
 *(.debug_abbrev)
 .debug_abbrev  0x00000000      0x235 src/ASF/avr32/drivers/adcifa/adcifa.o
 .debug_abbrev  0x00000235      0x326 src/ASF/avr32/drivers/flashc/flashc.o
 .debug_abbrev  0x0000055b      0x2f4 src/ASF/avr32/drivers/gpio/gpio.o
 .debug_abbrev  0x0000084f      0x2b5 src/ASF/avr32/drivers/pdca/pdca.o
 .debug_abbrev  0x00000b04      0x1df src/ASF/avr32/drivers/pevc/pevc.o
 .debug_abbrev  0x00000ce3      0x30c src/ASF/avr32/drivers/scif/scif_uc3c.o
 .debug_abbrev  0x00000fef      0x48a src/ASF/avr32/drivers/usbc/usbc_device.o
 .debug_abbrev  0x00001479      0x1a4 src/ASF/common/services/clock/uc3c/osc.o
 .debug_abbrev  0x0000161d      0x1e0 src/ASF/common/services/clock/uc3c/pll.o
 .debug_abbrev  0x000017fd      0x2dd src/ASF/common/services/clock/uc3c/sysclk.o
 .debug_abbrev  0x00001ada      0x25c src/ASF/avr32/drivers/tc/tc.o
 .debug_abbrev  0x00001d36       0x14 src/ASF/avr32/drivers/intc/exception.o
 .debug_abbrev  0x00001d4a      0x1f2 src/ASF/avr32/drivers/intc/intc.o
 .debug_abbrev  0x00001f3c       0x12 src/ASF/avr32/utils/startup/startup_uc3.o
 .debug_abbrev  0x00001f4e       0x14 src/ASF/avr32/utils/startup/trampoline_uc3.o
 .debug_abbrev  0x00001f62       0x78 src/ASF/common/boards/user_board/init.o
 .debug_abbrev  0x00001fda       0x7d src/ASF/common/services/sleepmgr/uc3/sleepmgr.o
 .debug_abbrev  0x00002057      0x346 src/ASF/common/services/usb/class/cdc/device/udi_cdc.o
 .debug_abbrev  0x0000239d      0x10a src/ASF/common/services/usb/class/cdc/device/udi_cdc_desc.o
 .debug_abbrev  0x000024a7      0x2d3 src/ASF/common/services/usb/udc/udc.o
 .debug_abbrev  0x0000277a      0x305 src/main.o
 .debug_abbrev  0x00002a7f       0x85 c:/program files/atmel/atmel toolchain/avr32 gcc/native/3.4.1057/avr32-gnu-toolchain/bin/../lib/gcc/avr32/4.4.7/../../../../avr32/lib/ucr3fp\libc.a(lib_a-memset.o)

.debug_line     0x00000000     0xb97f
 *(.debug_line)
 .debug_line    0x00000000      0x8d1 src/ASF/avr32/drivers/adcifa/adcifa.o
 .debug_line    0x000008d1      0xcca src/ASF/avr32/drivers/flashc/flashc.o
 .debug_line    0x0000159b      0xa0f src/ASF/avr32/drivers/gpio/gpio.o
 .debug_line    0x00001faa      0x935 src/ASF/avr32/drivers/pdca/pdca.o
 .debug_line    0x000028df      0x8a2 src/ASF/avr32/drivers/pevc/pevc.o
 .debug_line    0x00003181      0xab5 src/ASF/avr32/drivers/scif/scif_uc3c.o
 .debug_line    0x00003c36      0xfce src/ASF/avr32/drivers/usbc/usbc_device.o
 .debug_line    0x00004c04      0x88a src/ASF/common/services/clock/uc3c/osc.o
 .debug_line    0x0000548e      0x870 src/ASF/common/services/clock/uc3c/pll.o
 .debug_line    0x00005cfe      0x9d6 src/ASF/common/services/clock/uc3c/sysclk.o
 .debug_line    0x000066d4      0x88c src/ASF/avr32/drivers/tc/tc.o
 .debug_line    0x00006f60      0x109 src/ASF/avr32/drivers/intc/exception.o
 .debug_line    0x00007069      0x766 src/ASF/avr32/drivers/intc/intc.o
 .debug_line    0x000077cf       0xf2 src/ASF/avr32/utils/startup/startup_uc3.o
 .debug_line    0x000078c1       0x67 src/ASF/avr32/utils/startup/trampoline_uc3.o
 .debug_line    0x00007928      0xc0f src/ASF/common/boards/user_board/init.o
 .debug_line    0x00008537      0x7b5 src/ASF/common/services/sleepmgr/uc3/sleepmgr.o
 .debug_line    0x00008cec      0xd1a src/ASF/common/services/usb/class/cdc/device/udi_cdc.o
 .debug_line    0x00009a06      0x829 src/ASF/common/services/usb/class/cdc/device/udi_cdc_desc.o
 .debug_line    0x0000a22f      0x9f8 src/ASF/common/services/usb/udc/udc.o
 .debug_line    0x0000ac27      0xb9f src/main.o
 .debug_line    0x0000b7c6      0x1b9 c:/program files/atmel/atmel toolchain/avr32 gcc/native/3.4.1057/avr32-gnu-toolchain/bin/../lib/gcc/avr32/4.4.7/../../../../avr32/lib/ucr3fp\libc.a(lib_a-memset.o)

.debug_frame    0x00000000     0x1c94
 *(.debug_frame)
 .debug_frame   0x00000000      0x12c src/ASF/avr32/drivers/adcifa/adcifa.o
 .debug_frame   0x0000012c      0x6bc src/ASF/avr32/drivers/flashc/flashc.o
 .debug_frame   0x000007e8      0x244 src/ASF/avr32/drivers/gpio/gpio.o
 .debug_frame   0x00000a2c      0x200 src/ASF/avr32/drivers/pdca/pdca.o
 .debug_frame   0x00000c2c      0x14c src/ASF/avr32/drivers/pevc/pevc.o
 .debug_frame   0x00000d78      0x308 src/ASF/avr32/drivers/scif/scif_uc3c.o
 .debug_frame   0x00001080      0x2a0 src/ASF/avr32/drivers/usbc/usbc_device.o
 .debug_frame   0x00001320       0x50 src/ASF/common/services/clock/uc3c/osc.o
 .debug_frame   0x00001370       0x40 src/ASF/common/services/clock/uc3c/pll.o
 .debug_frame   0x000013b0       0xcc src/ASF/common/services/clock/uc3c/sysclk.o
 .debug_frame   0x0000147c      0x148 src/ASF/avr32/drivers/tc/tc.o
 .debug_frame   0x000015c4       0x64 src/ASF/avr32/drivers/intc/intc.o
 .debug_frame   0x00001628       0x20 src/ASF/common/boards/user_board/init.o
 .debug_frame   0x00001648      0x440 src/ASF/common/services/usb/class/cdc/device/udi_cdc.o
 .debug_frame   0x00001a88      0x14c src/ASF/common/services/usb/udc/udc.o
 .debug_frame   0x00001bd4       0xa0 src/main.o
 .debug_frame   0x00001c74       0x20 c:/program files/atmel/atmel toolchain/avr32 gcc/native/3.4.1057/avr32-gnu-toolchain/bin/../lib/gcc/avr32/4.4.7/../../../../avr32/lib/ucr3fp\libc.a(lib_a-memset.o)

.debug_str      0x00000000     0x7ebb
 *(.debug_str)
 .debug_str     0x00000000      0xa62 src/ASF/avr32/drivers/adcifa/adcifa.o
                                0xb1b (size before relaxing)
 .debug_str     0x00000a62      0xac7 src/ASF/avr32/drivers/flashc/flashc.o
                                0xca2 (size before relaxing)
 .debug_str     0x00001529      0x586 src/ASF/avr32/drivers/gpio/gpio.o
                                0x6e9 (size before relaxing)
 .debug_str     0x00001aaf      0x4d5 src/ASF/avr32/drivers/pdca/pdca.o
                                0x620 (size before relaxing)
 .debug_str     0x00001f84      0x423 src/ASF/avr32/drivers/pevc/pevc.o
                                0x54a (size before relaxing)
 .debug_str     0x000023a7      0xa75 src/ASF/avr32/drivers/scif/scif_uc3c.o
                                0xc56 (size before relaxing)
 .debug_str     0x00002e1c     0x2c83 src/ASF/avr32/drivers/usbc/usbc_device.o
                               0x2fcb (size before relaxing)
 .debug_str     0x00005a9f       0x86 src/ASF/common/services/clock/uc3c/osc.o
                                0x644 (size before relaxing)
 .debug_str     0x00005b25       0x4f src/ASF/common/services/clock/uc3c/pll.o
                                0x613 (size before relaxing)
 .debug_str     0x00005b74      0x3bb src/ASF/common/services/clock/uc3c/sysclk.o
                                0xcbf (size before relaxing)
 .debug_str     0x00005f2f      0x350 src/ASF/avr32/drivers/tc/tc.o
                                0x4dd (size before relaxing)
 .debug_str     0x0000627f      0x656 src/ASF/avr32/drivers/intc/intc.o
                                0x769 (size before relaxing)
 .debug_str     0x000068d5       0x36 src/ASF/common/boards/user_board/init.o
                                0x143 (size before relaxing)
 .debug_str     0x0000690b       0x33 src/ASF/common/services/sleepmgr/uc3/sleepmgr.o
                                0x1d0 (size before relaxing)
 .debug_str     0x0000693e      0x80a src/ASF/common/services/usb/class/cdc/device/udi_cdc.o
                                0xa95 (size before relaxing)
 .debug_str     0x00007148      0x4de src/ASF/common/services/usb/class/cdc/device/udi_cdc_desc.o
                                0x6d7 (size before relaxing)
 .debug_str     0x00007626      0x68e src/ASF/common/services/usb/udc/udc.o
                                0xbaf (size before relaxing)
 .debug_str     0x00007cb4      0x196 src/main.o
                                0xf8e (size before relaxing)
 .debug_str     0x00007e4a       0x71 c:/program files/atmel/atmel toolchain/avr32 gcc/native/3.4.1057/avr32-gnu-toolchain/bin/../lib/gcc/avr32/4.4.7/../../../../avr32/lib/ucr3fp\libc.a(lib_a-memset.o)
                                0x10d (size before relaxing)

.debug_loc      0x00000000     0x41b1
 *(.debug_loc)
 .debug_loc     0x00000000      0x2fa src/ASF/avr32/drivers/adcifa/adcifa.o
 .debug_loc     0x000002fa     0x1137 src/ASF/avr32/drivers/flashc/flashc.o
 .debug_loc     0x00001431      0x3b4 src/ASF/avr32/drivers/gpio/gpio.o
 .debug_loc     0x000017e5      0x4cf src/ASF/avr32/drivers/pdca/pdca.o
 .debug_loc     0x00001cb4      0x27f src/ASF/avr32/drivers/pevc/pevc.o
 .debug_loc     0x00001f33      0x4b4 src/ASF/avr32/drivers/scif/scif_uc3c.o
 .debug_loc     0x000023e7      0x6ec src/ASF/avr32/drivers/usbc/usbc_device.o
 .debug_loc     0x00002ad3       0x1e src/ASF/common/services/clock/uc3c/osc.o
 .debug_loc     0x00002af1       0x39 src/ASF/common/services/clock/uc3c/pll.o
 .debug_loc     0x00002b2a      0x247 src/ASF/common/services/clock/uc3c/sysclk.o
 .debug_loc     0x00002d71      0x3ff src/ASF/avr32/drivers/tc/tc.o
 .debug_loc     0x00003170       0xd3 src/ASF/avr32/drivers/intc/intc.o
 .debug_loc     0x00003243      0xa17 src/ASF/common/services/usb/class/cdc/device/udi_cdc.o
 .debug_loc     0x00003c5a      0x4c7 src/ASF/common/services/usb/udc/udc.o
 .debug_loc     0x00004121       0x90 src/main.o

.debug_macinfo  0x00000000  0x161a397
 *(.debug_macinfo)
 .debug_macinfo
                0x00000000   0x139682 src/ASF/avr32/drivers/adcifa/adcifa.o
 .debug_macinfo
                0x00139682   0x1378b2 src/ASF/avr32/drivers/flashc/flashc.o
 .debug_macinfo
                0x00270f34   0x137860 src/ASF/avr32/drivers/gpio/gpio.o
 .debug_macinfo
                0x003a8794   0x1377a2 src/ASF/avr32/drivers/pdca/pdca.o
 .debug_macinfo
                0x004dff36   0x13836e src/ASF/avr32/drivers/pevc/pevc.o
 .debug_macinfo
                0x006182a4   0x137779 src/ASF/avr32/drivers/scif/scif_uc3c.o
 .debug_macinfo
                0x0074fa1d   0x140de5 src/ASF/avr32/drivers/usbc/usbc_device.o
 .debug_macinfo
                0x00890802   0x138701 src/ASF/common/services/clock/uc3c/osc.o
 .debug_macinfo
                0x009c8f03   0x138ab3 src/ASF/common/services/clock/uc3c/pll.o
 .debug_macinfo
                0x00b019b6   0x139b49 src/ASF/common/services/clock/uc3c/sysclk.o
 .debug_macinfo
                0x00c3b4ff   0x137f43 src/ASF/avr32/drivers/tc/tc.o
 .debug_macinfo
                0x00d73442   0x13790d src/ASF/avr32/drivers/intc/intc.o
 .debug_macinfo
                0x00eaad4f   0x146021 src/ASF/common/boards/user_board/init.o
 .debug_macinfo
                0x00ff0d70   0x1377dd src/ASF/common/services/sleepmgr/uc3/sleepmgr.o
 .debug_macinfo
                0x0112854d   0x13b8d4 src/ASF/common/services/usb/class/cdc/device/udi_cdc.o
 .debug_macinfo
                0x01263e21   0x13b39f src/ASF/common/services/usb/class/cdc/device/udi_cdc_desc.o
 .debug_macinfo
                0x0139f1c0   0x139eeb src/ASF/common/services/usb/udc/udc.o
 .debug_macinfo
                0x014d90ab   0x1412ec src/main.o

.debug_weaknames
 *(.debug_weaknames)

.debug_funcnames
 *(.debug_funcnames)

.debug_typenames
 *(.debug_typenames)

.debug_varnames
 *(.debug_varnames)

.stack          0x00003000     0x1000
                0x00003000                _stack = .
 *(.stack)
                0x00001000                . = _stack_size
 *fill*         0x00003000     0x1000 
                0x00004000                _estack = .

.userpage
 *(.userpage .userpage.*)

.factorypage
 *(.factorypage .factorypage.*)

.flashvault_flash_size
 *(.flashvault_flash_size .flashvault_flash_size.*)

.flashvault_ram_size
 *(.flashvault_ram_size .flashvault_ram_size.*)

/DISCARD/
 *(.note.GNU-stack)
OUTPUT(IRIS.elf elf32-avr32)

.debug_ranges   0x00000000      0xc10
 .debug_ranges  0x00000000       0x80 src/ASF/avr32/drivers/adcifa/adcifa.o
 .debug_ranges  0x00000080      0x218 src/ASF/avr32/drivers/flashc/flashc.o
 .debug_ranges  0x00000298      0x118 src/ASF/avr32/drivers/gpio/gpio.o
 .debug_ranges  0x000003b0       0xb0 src/ASF/avr32/drivers/pdca/pdca.o
 .debug_ranges  0x00000460       0xa8 src/ASF/avr32/drivers/pevc/pevc.o
 .debug_ranges  0x00000508      0x160 src/ASF/avr32/drivers/scif/scif_uc3c.o
 .debug_ranges  0x00000668      0x150 src/ASF/avr32/drivers/usbc/usbc_device.o
 .debug_ranges  0x000007b8       0x30 src/ASF/common/services/clock/uc3c/osc.o
 .debug_ranges  0x000007e8       0x28 src/ASF/common/services/clock/uc3c/pll.o
 .debug_ranges  0x00000810       0x50 src/ASF/common/services/clock/uc3c/sysclk.o
 .debug_ranges  0x00000860       0xa0 src/ASF/avr32/drivers/tc/tc.o
 .debug_ranges  0x00000900       0x48 src/ASF/avr32/drivers/intc/intc.o
 .debug_ranges  0x00000948       0x20 src/ASF/avr32/utils/startup/startup_uc3.o
 .debug_ranges  0x00000968       0x18 src/ASF/common/boards/user_board/init.o
 .debug_ranges  0x00000980      0x168 src/ASF/common/services/usb/class/cdc/device/udi_cdc.o
 .debug_ranges  0x00000ae8       0xa0 src/ASF/common/services/usb/udc/udc.o
 .debug_ranges  0x00000b88       0x70 src/main.o
 .debug_ranges  0x00000bf8       0x18 c:/program files/atmel/atmel toolchain/avr32 gcc/native/3.4.1057/avr32-gnu-toolchain/bin/../lib/gcc/avr32/4.4.7/../../../../avr32/lib/ucr3fp\libc.a(lib_a-memset.o)
