EN iris NULL C:/IRIS/IRIS/vhdl/IRISv2.vhd sub00/vhpl00 1432214590
PH iris_pack NULL C:/IRIS/IRIS/vhdl/IRIS_Pack.vhd sub00/vhpl01 1432214584
AR iris a1 C:/IRIS/IRIS/vhdl/IRISv2.vhd sub00/vhpl03 1432214591
AR ram ram_a C:/IRIS/IRIS/ipcore_dir/RAM.vhd sub00/vhpl05 1432214587
EN itoa NULL C:/IRIS/IRIS/ItoA.vhd sub00/vhpl06 1432214588
PB iris_pack iris_pack C:/IRIS/IRIS/vhdl/IRIS_Pack.vhd sub00/vhpl02 1432214585
AR itoa behavioral C:/IRIS/IRIS/ItoA.vhd sub00/vhpl07 1432214589
EN ram NULL C:/IRIS/IRIS/ipcore_dir/RAM.vhd sub00/vhpl04 1432214586
